Component: ARM Compiler 5.06 update 7 (build 960) Tool: armlink [4d3601]

==============================================================================

Section Cross References

    stm32f1xx_hal.o(i.HAL_DeInit) refers to stm32f1xx_hal.o(i.HAL_MspDeInit) for HAL_MspDeInit
    stm32f1xx_hal.o(i.HAL_Delay) refers to stm32f1xx_hal.o(i.HAL_GetTick) for HAL_GetTick
    stm32f1xx_hal.o(i.HAL_Delay) refers to stm32f1xx_hal.o(.data) for .data
    stm32f1xx_hal.o(i.HAL_GetTick) refers to stm32f1xx_hal.o(.data) for .data
    stm32f1xx_hal.o(i.HAL_GetTickFreq) refers to stm32f1xx_hal.o(.data) for .data
    stm32f1xx_hal.o(i.HAL_GetTickPrio) refers to stm32f1xx_hal.o(.data) for .data
    stm32f1xx_hal.o(i.HAL_IncTick) refers to stm32f1xx_hal.o(.data) for .data
    stm32f1xx_hal.o(i.HAL_Init) refers to stm32f1xx_hal_cortex.o(i.HAL_NVIC_SetPriorityGrouping) for HAL_NVIC_SetPriorityGrouping
    stm32f1xx_hal.o(i.HAL_Init) refers to stm32f1xx_hal_timebase_tim.o(i.HAL_InitTick) for HAL_InitTick
    stm32f1xx_hal.o(i.HAL_Init) refers to stm32f1xx_hal.o(i.HAL_MspInit) for HAL_MspInit
    stm32f1xx_hal.o(i.HAL_InitTick) refers to stm32f1xx_hal_cortex.o(i.HAL_SYSTICK_Config) for HAL_SYSTICK_Config
    stm32f1xx_hal.o(i.HAL_InitTick) refers to stm32f1xx_hal_cortex.o(i.HAL_NVIC_SetPriority) for HAL_NVIC_SetPriority
    stm32f1xx_hal.o(i.HAL_InitTick) refers to stm32f1xx_hal.o(.data) for .data
    stm32f1xx_hal.o(i.HAL_InitTick) refers to system_stm32f1xx.o(.data) for SystemCoreClock
    stm32f1xx_hal.o(i.HAL_SetTickFreq) refers to stm32f1xx_hal_timebase_tim.o(i.HAL_InitTick) for HAL_InitTick
    stm32f1xx_hal.o(i.HAL_SetTickFreq) refers to stm32f1xx_hal.o(.data) for .data
    stm32f1xx_hal_tim.o(i.HAL_TIM_Base_DeInit) refers to stm32f1xx_hal_tim.o(i.HAL_TIM_Base_MspDeInit) for HAL_TIM_Base_MspDeInit
    stm32f1xx_hal_tim.o(i.HAL_TIM_Base_Init) refers to stm32f1xx_hal_tim.o(i.HAL_TIM_Base_MspInit) for HAL_TIM_Base_MspInit
    stm32f1xx_hal_tim.o(i.HAL_TIM_Base_Init) refers to stm32f1xx_hal_tim.o(i.TIM_Base_SetConfig) for TIM_Base_SetConfig
    stm32f1xx_hal_tim.o(i.HAL_TIM_Base_MspDeInit) refers to stm32f1xx_hal_cortex.o(i.HAL_NVIC_DisableIRQ) for HAL_NVIC_DisableIRQ
    stm32f1xx_hal_tim.o(i.HAL_TIM_Base_MspInit) refers to stm32f1xx_hal_cortex.o(i.HAL_NVIC_SetPriority) for HAL_NVIC_SetPriority
    stm32f1xx_hal_tim.o(i.HAL_TIM_Base_MspInit) refers to stm32f1xx_hal_cortex.o(i.HAL_NVIC_EnableIRQ) for HAL_NVIC_EnableIRQ
    stm32f1xx_hal_tim.o(i.HAL_TIM_Base_Start_DMA) refers to stm32f1xx_hal_dma.o(i.HAL_DMA_Start_IT) for HAL_DMA_Start_IT
    stm32f1xx_hal_tim.o(i.HAL_TIM_Base_Start_DMA) refers to stm32f1xx_hal_tim.o(i.TIM_DMAPeriodElapsedCplt) for TIM_DMAPeriodElapsedCplt
    stm32f1xx_hal_tim.o(i.HAL_TIM_Base_Start_DMA) refers to stm32f1xx_hal_tim.o(i.TIM_DMAPeriodElapsedHalfCplt) for TIM_DMAPeriodElapsedHalfCplt
    stm32f1xx_hal_tim.o(i.HAL_TIM_Base_Start_DMA) refers to stm32f1xx_hal_tim.o(i.TIM_DMAError) for TIM_DMAError
    stm32f1xx_hal_tim.o(i.HAL_TIM_Base_Stop_DMA) refers to stm32f1xx_hal_dma.o(i.HAL_DMA_Abort_IT) for HAL_DMA_Abort_IT
    stm32f1xx_hal_tim.o(i.HAL_TIM_ConfigClockSource) refers to stm32f1xx_hal_tim.o(i.TIM_ETR_SetConfig) for TIM_ETR_SetConfig
    stm32f1xx_hal_tim.o(i.HAL_TIM_ConfigClockSource) refers to stm32f1xx_hal_tim.o(i.TIM_TI1_ConfigInputStage) for TIM_TI1_ConfigInputStage
    stm32f1xx_hal_tim.o(i.HAL_TIM_ConfigClockSource) refers to stm32f1xx_hal_tim.o(i.TIM_TI2_ConfigInputStage) for TIM_TI2_ConfigInputStage
    stm32f1xx_hal_tim.o(i.HAL_TIM_ConfigClockSource) refers to stm32f1xx_hal_tim.o(i.TIM_ITRx_SetConfig) for TIM_ITRx_SetConfig
    stm32f1xx_hal_tim.o(i.HAL_TIM_ConfigOCrefClear) refers to stm32f1xx_hal_tim.o(i.TIM_ETR_SetConfig) for TIM_ETR_SetConfig
    stm32f1xx_hal_tim.o(i.HAL_TIM_DMABurst_ReadStart) refers to stm32f1xx_hal_dma.o(i.HAL_DMA_Start_IT) for HAL_DMA_Start_IT
    stm32f1xx_hal_tim.o(i.HAL_TIM_DMABurst_ReadStart) refers to stm32f1xx_hal_tim.o(i.TIM_DMAError) for TIM_DMAError
    stm32f1xx_hal_tim.o(i.HAL_TIM_DMABurst_ReadStart) refers to stm32f1xx_hal_tim.o(i.TIM_DMACaptureCplt) for TIM_DMACaptureCplt
    stm32f1xx_hal_tim.o(i.HAL_TIM_DMABurst_ReadStart) refers to stm32f1xx_hal_tim.o(i.TIM_DMACaptureHalfCplt) for TIM_DMACaptureHalfCplt
    stm32f1xx_hal_tim.o(i.HAL_TIM_DMABurst_ReadStart) refers to stm32f1xx_hal_tim.o(i.TIM_DMAPeriodElapsedCplt) for TIM_DMAPeriodElapsedCplt
    stm32f1xx_hal_tim.o(i.HAL_TIM_DMABurst_ReadStart) refers to stm32f1xx_hal_tim.o(i.TIM_DMAPeriodElapsedHalfCplt) for TIM_DMAPeriodElapsedHalfCplt
    stm32f1xx_hal_tim.o(i.HAL_TIM_DMABurst_ReadStart) refers to stm32f1xx_hal_tim_ex.o(i.TIMEx_DMACommutationCplt) for TIMEx_DMACommutationCplt
    stm32f1xx_hal_tim.o(i.HAL_TIM_DMABurst_ReadStart) refers to stm32f1xx_hal_tim_ex.o(i.TIMEx_DMACommutationHalfCplt) for TIMEx_DMACommutationHalfCplt
    stm32f1xx_hal_tim.o(i.HAL_TIM_DMABurst_ReadStart) refers to stm32f1xx_hal_tim.o(i.TIM_DMATriggerCplt) for TIM_DMATriggerCplt
[...]
    .text                                    0x080007cc   Section        0  llshl.o(.text)
    .text                                    0x080007ea   Section        0  llsshr.o(.text)
    .text                                    0x0800080e   Section        0  fepilogue.o(.text)
    .text                                    0x0800080e   Section        0  iusefp.o(.text)
    .text                                    0x0800087c   Section        0  depilogue.o(.text)
    .text                                    0x08000938   Section       36  init.o(.text)
    i.ADC_ConversionStop_Disable             0x0800095c   Section        0  stm32f1xx_hal_adc.o(i.ADC_ConversionStop_Disable)
    i.ADC_DMAConvCplt                        0x080009a8   Section        0  stm32f1xx_hal_adc.o(i.ADC_DMAConvCplt)
    i.ADC_DMAError                           0x080009f6   Section        0  stm32f1xx_hal_adc.o(i.ADC_DMAError)
    i.ADC_DMAHalfConvCplt                    0x08000a10   Section        0  stm32f1xx_hal_adc.o(i.ADC_DMAHalfConvCplt)
    i.ADC_Enable                             0x08000a1c   Section        0  stm32f1xx_hal_adc.o(i.ADC_Enable)
    i.BusFault_Handler                       0x08000a8c   Section        0  stm32f1xx_it.o(i.BusFault_Handler)
    i.Control_LED_Init                       0x08000a90   Section        0  display.o(i.Control_LED_Init)
    i.DAC_Init                               0x08000b68   Section        0  dac.o(i.DAC_Init)
    i.DMA1_Channel1_IRQHandler               0x08000ba4   Section        0  stm32f1xx_it.o(i.DMA1_Channel1_IRQHandler)
    i.DMA_SetConfig                          0x08000bb0   Section        0  stm32f1xx_hal_dma.o(i.DMA_SetConfig)
    DMA_SetConfig                            0x08000bb1   Thumb Code    42  stm32f1xx_hal_dma.o(i.DMA_SetConfig)
    i.DebugMon_Handler                       0x08000bda   Section        0  stm32f1xx_it.o(i.DebugMon_Handler)
    i.Delay                                  0x08000bdc   Section        0  process.o(i.Delay)
    Delay                                    0x08000bdd   Thumb Code    10  process.o(i.Delay)
    i.Error_Handler                          0x08000be6   Section        0  feedback_signals.o(i.Error_Handler)
    i.FLASH_MassErase                        0x08000be8   Section        0  stm32f1xx_hal_flash_ex.o(i.FLASH_MassErase)
    FLASH_MassErase                          0x08000be9   Thumb Code    26  stm32f1xx_hal_flash_ex.o(i.FLASH_MassErase)
    i.FLASH_PageErase                        0x08000c0c   Section        0  stm32f1xx_hal_flash_ex.o(i.FLASH_PageErase)
    i.FLASH_Program_HalfWord                 0x08000c30   Section        0  stm32f1xx_hal_flash.o(i.FLASH_Program_HalfWord)
    FLASH_Program_HalfWord                   0x08000c31   Thumb Code    20  stm32f1xx_hal_flash.o(i.FLASH_Program_HalfWord)
    i.FLASH_SetErrorCode                     0x08000c4c   Section        0  stm32f1xx_hal_flash.o(i.FLASH_SetErrorCode)
    FLASH_SetErrorCode                       0x08000c4d   Thumb Code    84  stm32f1xx_hal_flash.o(i.FLASH_SetErrorCode)
    i.FLASH_WaitForLastOperation             0x08000ca8   Section        0  stm32f1xx_hal_flash.o(i.FLASH_WaitForLastOperation)
    i.HAL_ADC_ConfigChannel                  0x08000cfc   Section        0  stm32f1xx_hal_adc.o(i.HAL_ADC_ConfigChannel)
    i.HAL_ADC_ConvCpltCallback               0x08000df8   Section        0  stm32f1xx_hal_adc.o(i.HAL_ADC_ConvCpltCallback)
    i.HAL_ADC_ConvHalfCpltCallback           0x08000dfa   Section        0  stm32f1xx_hal_adc.o(i.HAL_ADC_ConvHalfCpltCallback)
    i.HAL_ADC_ErrorCallback                  0x08000dfc   Section        0  stm32f1xx_hal_adc.o(i.HAL_ADC_ErrorCallback)
    i.HAL_ADC_Init                           0x08000e00   Section        0  stm32f1xx_hal_adc.o(i.HAL_ADC_Init)
    i.HAL_ADC_MspInit                        0x08000f1c   Section        0  stm32f1xx_hal_adc.o(i.HAL_ADC_MspInit)
    i.HAL_ADC_Start_DMA                      0x08000fd4   Section        0  stm32f1xx_hal_adc.o(i.HAL_ADC_Start_DMA)
    i.HAL_DAC_ConfigChannel                  0x080010e0   Section        0  stm32f1xx_hal_dac.o(i.HAL_DAC_ConfigChannel)
    i.HAL_DAC_Init                           0x0800112e   Section        0  stm32f1xx_hal_dac.o(i.HAL_DAC_Init)
    i.HAL_DAC_MspInit                        0x08001158   Section        0  stm32f1xx_hal_dac.o(i.HAL_DAC_MspInit)
    i.HAL_DAC_SetValue                       0x080011b0   Section        0  stm32f1xx_hal_dac.o(i.HAL_DAC_SetValue)
    i.HAL_DAC_Start                          0x080011ca   Section        0  stm32f1xx_hal_dac.o(i.HAL_DAC_Start)
    i.HAL_DMA_IRQHandler                     0x08001228   Section        0  stm32f1xx_hal_dma.o(i.HAL_DMA_IRQHandler)
    i.HAL_DMA_Init                           0x0800137c   Section        0  stm32f1xx_hal_dma.o(i.HAL_DMA_Init)
    i.HAL_DMA_Start_IT                       0x080013d8   Section        0  stm32f1xx_hal_dma.o(i.HAL_DMA_Start_IT)
    i.HAL_Delay                              0x08001448   Section        0  stm32f1xx_hal.o(i.HAL_Delay)
    i.HAL_FLASHEx_Erase                      0x0800146c   Section        0  stm32f1xx_hal_flash_ex.o(i.HAL_FLASHEx_Erase)
    i.HAL_FLASH_Lock                         0x08001514   Section        0  stm32f1xx_hal_flash.o(i.HAL_FLASH_Lock)
    i.HAL_FLASH_Program                      0x08001528   Section        0  stm32f1xx_hal_flash.o(i.HAL_FLASH_Program)
    i.HAL_FLASH_Unlock                       0x080015a8   Section        0  stm32f1xx_hal_flash.o(i.HAL_FLASH_Unlock)
    i.HAL_GPIO_Init                          0x080015d0   Section        0  stm32f1xx_hal_gpio.o(i.HAL_GPIO_Init)
    i.HAL_GPIO_ReadPin                       0x080017b0   Section        0  stm32f1xx_hal_gpio.o(i.HAL_GPIO_ReadPin)
    i.HAL_GPIO_WritePin                      0x080017ba   Section        0  stm32f1xx_hal_gpio.o(i.HAL_GPIO_WritePin)
    i.HAL_GetTick                            0x080017c4   Section        0  stm32f1xx_hal.o(i.HAL_GetTick)
    i.HAL_IncTick                            0x080017d0   Section        0  stm32f1xx_hal.o(i.HAL_IncTick)
    i.HAL_Init                               0x080017e0   Section        0  stm32f1xx_hal.o(i.HAL_Init)
    i.HAL_InitTick                           0x08001804   Section        0  stm32f1xx_hal_timebase_tim.o(i.HAL_InitTick)
    i.HAL_MspInit                            0x08001884   Section        0  stm32f1xx_hal.o(i.HAL_MspInit)
    i.HAL_NVIC_EnableIRQ                     0x080018c0   Section        0  stm32f1xx_hal_cortex.o(i.HAL_NVIC_EnableIRQ)
    i.HAL_NVIC_SetPriority                   0x080018dc   Section        0  stm32f1xx_hal_cortex.o(i.HAL_NVIC_SetPriority)
    i.HAL_NVIC_SetPriorityGrouping           0x0800191c   Section        0  stm32f1xx_hal_cortex.o(i.HAL_NVIC_SetPriorityGrouping)
    i.HAL_RCC_ClockConfig                    0x08001940   Section        0  stm32f1xx_hal_rcc.o(i.HAL_RCC_ClockConfig)
    i.HAL_RCC_GetClockConfig                 0x08001a6c   Section        0  stm32f1xx_hal_rcc.o(i.HAL_RCC_GetClockConfig)
    i.HAL_RCC_GetPCLK1Freq                   0x08001aac   Section        0  stm32f1xx_hal_rcc.o(i.HAL_RCC_GetPCLK1Freq)
    i.HAL_RCC_GetPCLK2Freq                   0x08001acc   Section        0  stm32f1xx_hal_rcc.o(i.HAL_RCC_GetPCLK2Freq)
    i.HAL_RCC_GetSysClockFreq                0x08001aec   Section        0  stm32f1xx_hal_rcc.o(i.HAL_RCC_GetSysClockFreq)
    i.HAL_RCC_OscConfig                      0x08001b58   Section        0  stm32f1xx_hal_rcc.o(i.HAL_RCC_OscConfig)
    i.HAL_SPI_Init                           0x08001e78   Section        0  stm32f1xx_hal_spi.o(i.HAL_SPI_Init)
    i.HAL_SPI_MspInit                        0x08001f00   Section        0  stm32f1xx_hal_spi.o(i.HAL_SPI_MspInit)
    i.HAL_SPI_Transmit                       0x08001f5c   Section        0  stm32f1xx_hal_spi.o(i.HAL_SPI_Transmit)
    i.HAL_TIMEx_BreakCallback                0x080020e4   Section        0  stm32f1xx_hal_tim_ex.o(i.HAL_TIMEx_BreakCallback)
    i.HAL_TIMEx_CommutCallback               0x080020e6   Section        0  stm32f1xx_hal_tim_ex.o(i.HAL_TIMEx_CommutCallback)
    i.HAL_TIM_Base_Init                      0x080020e8   Section        0  stm32f1xx_hal_tim.o(i.HAL_TIM_Base_Init)
    i.HAL_TIM_Base_MspInit                   0x08002120   Section        0  stm32f1xx_hal_tim.o(i.HAL_TIM_Base_MspInit)
    i.HAL_TIM_Base_Start_IT                  0x080021a0   Section        0  stm32f1xx_hal_tim.o(i.HAL_TIM_Base_Start_IT)
    i.HAL_TIM_IC_CaptureCallback             0x080021c2   Section        0  stm32f1xx_hal_tim.o(i.HAL_TIM_IC_CaptureCallback)
    i.HAL_TIM_IRQHandler                     0x080021c4   Section        0  stm32f1xx_hal_tim.o(i.HAL_TIM_IRQHandler)
    i.HAL_TIM_OC_DelayElapsedCallback        0x0800232a   Section        0  stm32f1xx_hal_tim.o(i.HAL_TIM_OC_DelayElapsedCallback)
    i.HAL_TIM_PWM_PulseFinishedCallback      0x0800232c   Section        0  stm32f1xx_hal_tim.o(i.HAL_TIM_PWM_PulseFinishedCallback)
    i.HAL_TIM_PeriodElapsedCallback          0x0800232e   Section        0  stm32f1xx_hal_timebase_tim.o(i.HAL_TIM_PeriodElapsedCallback)
    i.HAL_TIM_TriggerCallback                0x08002332   Section        0  stm32f1xx_hal_tim.o(i.HAL_TIM_TriggerCallback)
    i.HAL_UART_Init                          0x08002334   Section        0  stm32f1xx_hal_uart.o(i.HAL_UART_Init)
    i.HAL_UART_MspInit                       0x08002398   Section        0  stm32f1xx_hal_uart.o(i.HAL_UART_MspInit)
    i.HAL_UART_Transmit                      0x08002404   Section        0  stm32f1xx_hal_uart.o(i.HAL_UART_Transmit)
    i.HardFault_Handler                      0x080024be   Section        0  stm32f1xx_it.o(i.HardFault_Handler)
    i.MX_ADC1_Init                           0x080024c0   Section        0  feedback_signals.o(i.MX_ADC1_Init)
    i.MX_DMA_Init                            0x08002550   Section        0  feedback_signals.o(i.MX_DMA_Init)
    i.MX_GPIO_Init                           0x0800259c   Section        0  inputs.o(i.MX_GPIO_Init)
    i.MemManage_Handler                      0x08002638   Section        0  stm32f1xx_it.o(i.MemManage_Handler)
    i.NMI_Handler                            0x0800263a   Section        0  stm32f1xx_it.o(i.NMI_Handler)
    i.Output_Init                            0x0800263c   Section        0  outputs.o(i.Output_Init)
    i.SPI1_Init                              0x08002770   Section        0  display.o(i.SPI1_Init)
    i.SPI_EndRxTxTransaction                 0x080027b0   Section        0  stm32f1xx_hal_spi.o(i.SPI_EndRxTxTransaction)
    SPI_EndRxTxTransaction                   0x080027b1   Thumb Code    32  stm32f1xx_hal_spi.o(i.SPI_EndRxTxTransaction)
    i.SPI_WaitFlagStateUntilTimeout          0x080027d0   Section        0  stm32f1xx_hal_spi.o(i.SPI_WaitFlagStateUntilTimeout)
    SPI_WaitFlagStateUntilTimeout            0x080027d1   Thumb Code   148  stm32f1xx_hal_spi.o(i.SPI_WaitFlagStateUntilTimeout)
    i.SysTick_Handler                        0x08002864   Section        0  stm32f1xx_it.o(i.SysTick_Handler)
    i.SystemClock_Config                     0x08002868   Section        0  system_clock.o(i.SystemClock_Config)
    i.SystemInit                             0x080028c8   Section        0  system_stm32f1xx.o(i.SystemInit)
    i.TIM2_IRQHandler                        0x08002910   Section        0  stm32f1xx_hal_timebase_tim.o(i.TIM2_IRQHandler)
    i.TIM_Base_SetConfig                     0x0800291c   Section        0  stm32f1xx_hal_tim.o(i.TIM_Base_SetConfig)
    i.UART_SetConfig                         0x08002988   Section        0  stm32f1xx_hal_uart.o(i.UART_SetConfig)
    UART_SetConfig                           0x08002989   Thumb Code   178  stm32f1xx_hal_uart.o(i.UART_SetConfig)
    i.UART_WaitOnFlagUntilTimeout            0x08002a40   Section        0  stm32f1xx_hal_uart.o(i.UART_WaitOnFlagUntilTimeout)
    UART_WaitOnFlagUntilTimeout              0x08002a41   Thumb Code   100  stm32f1xx_hal_uart.o(i.UART_WaitOnFlagUntilTimeout)
    i.UsageFault_Handler                     0x08002aa4   Section        0  stm32f1xx_it.o(i.UsageFault_Handler)
    i.__NVIC_SetPriority                     0x08002aa6   Section        0  stm32f1xx_hal_cortex.o(i.__NVIC_SetPriority)
    __NVIC_SetPriority                       0x08002aa7   Thumb Code    32  stm32f1xx_hal_cortex.o(i.__NVIC_SetPriority)
    i.__scatterload_copy                     0x08002ac6   Section       14  handlers.o(i.__scatterload_copy)
    i.__scatterload_null                     0x08002ad4   Section        2  handlers.o(i.__scatterload_null)
    i.__scatterload_zeroinit                 0x08002ad6   Section       14  handlers.o(i.__scatterload_zeroinit)
    i.check_OT                               0x08002ae4   Section        0  inputs.o(i.check_OT)
    i.check_arc_force                        0x08002b00   Section        0  inputs.o(i.check_arc_force)
    i.check_currentON                        0x08002b18   Section        0  process.o(i.check_currentON)
    check_currentON                          0x08002b19   Thumb Code   152  process.o(i.check_currentON)
    i.check_current_on                       0x08002bc4   Section        0  inputs.o(i.check_current_on)
    i.check_inputs                           0x08002be0   Section        0  inputs.o(i.check_inputs)
    i.check_request_fan                      0x08002c60   Section        0  inputs.o(i.check_request_fan)
    i.check_trigger                          0x08002c7c   Section        0  inputs.o(i.check_trigger)
    i.clear_all_LEDs                         0x08002c98   Section        0  display.o(i.clear_all_LEDs)
    i.display_7seg                           0x08002cb8   Section        0  segment_led.o(i.display_7seg)
    i.flash_read                             0x08002d84   Section        0  flash.o(i.flash_read)
    i.flash_write                            0x08002d88   Section        0  flash.o(i.flash_write)
    i.free                                   0x08002dec   Section        0  malloc.o(i.free)
    i.init_uart                              0x08002e3c   Section        0  debug_port.o(i.init_uart)
    i.leds_button                            0x08002e64   Section        0  display.o(i.leds_button)
    i.main                                   0x08002e94   Section        0  main.o(i.main)
    i.malloc                                 0x08002fb4   Section        0  malloc.o(i.malloc)
    i.osSystickHandler                       0x08003020   Section        0  cmsis_os.o(i.osSystickHandler)
    i.out_segment_leds                       0x08003034   Section        0  segment_led.o(i.out_segment_leds)
    i.process_2T                             0x080030c4   Section        0  process.o(i.process_2T)
    i.process_4T                             0x08003328   Section        0  process.o(i.process_4T)
    i.process_display                        0x08003604   Section        0  manage_tasks.o(i.process_display)
    i.process_feedback_signals               0x0800374c   Section        0  manage_tasks.o(i.process_feedback_signals)
    i.process_inputs                         0x08003a74   Section        0  manage_tasks.o(i.process_inputs)
    i.process_timer_1ms                      0x08003b90   Section        0  manage_tasks.o(i.process_timer_1ms)
    i.process_welding                        0x08003cf8   Section        0  manage_tasks.o(i.process_welding)
    i.prvAddCurrentTaskToDelayedList         0x08003de8   Section        0  tasks.o(i.prvAddCurrentTaskToDelayedList)
    prvAddCurrentTaskToDelayedList           0x08003de9   Thumb Code   102  tasks.o(i.prvAddCurrentTaskToDelayedList)
    i.prvAddNewTaskToReadyList               0x08003e58   Section        0  tasks.o(i.prvAddNewTaskToReadyList)
    prvAddNewTaskToReadyList                 0x08003e59   Thumb Code   196  tasks.o(i.prvAddNewTaskToReadyList)
    i.prvDeleteTCB                           0x08003f28   Section        0  tasks.o(i.prvDeleteTCB)
    prvDeleteTCB                             0x08003f29   Thumb Code    20  tasks.o(i.prvDeleteTCB)
    i.prvHeapInit                            0x08003f3c   Section        0  heap_4.o(i.prvHeapInit)
    prvHeapInit                              0x08003f3d   Thumb Code    66  heap_4.o(i.prvHeapInit)
    i.prvIdleTask                            0x08003f88   Section        0  tasks.o(i.prvIdleTask)
    prvIdleTask                              0x08003f89   Thumb Code    82  tasks.o(i.prvIdleTask)
    i.prvInitialiseNewTask                   0x08003fe8   Section        0  tasks.o(i.prvInitialiseNewTask)
    prvInitialiseNewTask                     0x08003fe9   Thumb Code   156  tasks.o(i.prvInitialiseNewTask)
    i.prvInsertBlockIntoFreeList             0x08004084   Section        0  heap_4.o(i.prvInsertBlockIntoFreeList)
    prvInsertBlockIntoFreeList               0x08004085   Thumb Code    72  heap_4.o(i.prvInsertBlockIntoFreeList)
    i.prvResetNextTaskUnblockTime            0x080040d0   Section        0  tasks.o(i.prvResetNextTaskUnblockTime)
    prvResetNextTaskUnblockTime              0x080040d1   Thumb Code    26  tasks.o(i.prvResetNextTaskUnblockTime)
    i.prvTaskExitError                       0x080040f0   Section        0  port.o(i.prvTaskExitError)
    prvTaskExitError                         0x080040f1   Thumb Code    36  port.o(i.prvTaskExitError)
    i.pvPortMalloc                           0x08004118   Section        0  heap_4.o(i.pvPortMalloc)
    i.pxPortInitialiseStack                  0x080041f0   Section        0  port.o(i.pxPortInitialiseStack)
    i.restore_state                          0x08004214   Section        0  process.o(i.restore_state)
    i.send_message                           0x08004238   Section        0  debug_port.o(i.send_message)
    i.send_numbers                           0x08004254   Section        0  debug_port.o(i.send_numbers)
    i.sound_beep                             0x080042c4   Section        0  outputs.o(i.sound_beep)
    i.start_DAC                              0x080042ec   Section        0  dac.o(i.start_DAC)
    i.switch_led                             0x080042f8   Section        0  single_led.o(i.switch_led)
    i.transmiter_buffer                      0x08004354   Section        0  display.o(i.transmiter_buffer)
    i.transmiter_byte                        0x08004378   Section        0  display.o(i.transmiter_byte)
    i.turn_off_weld                          0x08004394   Section        0  manage_tasks.o(i.turn_off_weld)
    turn_off_weld                            0x08004395   Thumb Code    12  manage_tasks.o(i.turn_off_weld)
    i.update_flash                           0x080043a4   Section        0  flash.o(i.update_flash)
    i.uxListRemove                           0x080043d0   Section        0  list.o(i.uxListRemove)
    i.vListInitialise                        0x080043f6   Section        0  list.o(i.vListInitialise)
    i.vListInitialiseItem                    0x0800440c   Section        0  list.o(i.vListInitialiseItem)
    i.vListInsert                            0x08004412   Section        0  list.o(i.vListInsert)
    i.vListInsertEnd                         0x08004442   Section        0  list.o(i.vListInsertEnd)
    i.vPortEnterCritical                     0x0800445c   Section        0  port.o(i.vPortEnterCritical)
    i.vPortExitCritical                      0x0800449c   Section        0  port.o(i.vPortExitCritical)
    i.vPortFree                              0x080044c4   Section        0  heap_4.o(i.vPortFree)
    i.vPortSetupTimerInterrupt               0x08004520   Section        0  port.o(i.vPortSetupTimerInterrupt)
    i.vTaskDelay                             0x08004544   Section        0  tasks.o(i.vTaskDelay)
    i.vTaskStartScheduler                    0x08004590   Section        0  tasks.o(i.vTaskStartScheduler)
    i.vTaskSuspendAll                        0x080045f8   Section        0  tasks.o(i.vTaskSuspendAll)
    i.vTaskSwitchContext                     0x08004608   Section        0  tasks.o(i.vTaskSwitchContext)
    i.wait_current_on                        0x08004664   Section        0  process.o(i.wait_current_on)
    wait_current_on                          0x08004665   Thumb Code   282  process.o(i.wait_current_on)
    i.wait_time_out                          0x080047c8   Section        0  manage_tasks.o(i.wait_time_out)
    wait_time_out                            0x080047c9   Thumb Code    16  manage_tasks.o(i.wait_time_out)
    i.xPortStartScheduler                    0x080047dc   Section        0  port.o(i.xPortStartScheduler)
    i.xPortSysTickHandler                    0x08004884   Section        0  port.o(i.xPortSysTickHandler)
    i.xTaskCreate                            0x080048b0   Section        0  tasks.o(i.xTaskCreate)
    i.xTaskGetSchedulerState                 0x08004908   Section        0  tasks.o(i.xTaskGetSchedulerState)
    i.xTaskIncrementTick                     0x08004924   Section        0  tasks.o(i.xTaskIncrementTick)
    i.xTaskResumeAll                         0x080049ec   Section        0  tasks.o(i.xTaskResumeAll)
    .constdata                               0x08004ab0   Section       16  system_stm32f1xx.o(.constdata)
    .constdata                               0x08004ac0   Section        8  system_stm32f1xx.o(.constdata)
    .data                                    0x20000000   Section       12  stm32f1xx_hal.o(.data)
    .data                                    0x2000000c   Section        2  main.o(.data)
    .data                                    0x20000010   Section       56  manage_tasks.o(.data)
    .data                                    0x20000048   Section        3  inputs.o(.data)
    .data                                    0x2000004b   Section        1  single_led.o(.data)
    .data                                    0x2000004c   Section        4  display.o(.data)
    .data                                    0x20000050   Section        2  feedback_signals.o(.data)
    .data                                    0x20000054   Section       24  process.o(.data)
    .data                                    0x2000006c   Section       29  segment_led.o(.data)
    .data                                    0x2000008c   Section       60  tasks.o(.data)
    pxDelayedTaskList                        0x20000090   Data           4  tasks.o(.data)
    pxOverflowDelayedTaskList                0x20000094   Data           4  tasks.o(.data)
    uxDeletedTasksWaitingCleanUp             0x20000098   Data           4  tasks.o(.data)
    uxCurrentNumberOfTasks                   0x2000009c   Data           4  tasks.o(.data)
    xTickCount                               0x200000a0   Data           4  tasks.o(.data)
    uxTopReadyPriority                       0x200000a4   Data           4  tasks.o(.data)
    xSchedulerRunning                        0x200000a8   Data           4  tasks.o(.data)
    uxPendedTicks                            0x200000ac   Data           4  tasks.o(.data)
    xYieldPending                            0x200000b0   Data           4  tasks.o(.data)
    xNumOfOverflows                          0x200000b4   Data           4  tasks.o(.data)
    uxTaskNumber                             0x200000b8   Data           4  tasks.o(.data)
    xNextTaskUnblockTime                     0x200000bc   Data           4  tasks.o(.data)
    xIdleTaskHandle                          0x200000c0   Data           4  tasks.o(.data)
    uxSchedulerSuspended                     0x200000c4   Data           4  tasks.o(.data)
    .data                                    0x200000c8   Section       12  port.o(.data)
    ucMaxSysCallPriority                     0x200000c8   Data           1  port.o(.data)
    uxCriticalNesting                        0x200000cc   Data           4  port.o(.data)
    ulMaxPRIGROUPValue                       0x200000d0   Data           4  port.o(.data)
    .data                                    0x200000d4   Section       24  heap_4.o(.data)
    pxEnd                                    0x200000d4   Data           4  heap_4.o(.data)
    xFreeBytesRemaining                      0x200000d8   Data           4  heap_4.o(.data)
    xMinimumEverFreeBytesRemaining           0x200000dc   Data           4  heap_4.o(.data)
    xBlockAllocatedBit                       0x200000e0   Data           4  heap_4.o(.data)
    xStart                                   0x200000e4   Data           8  heap_4.o(.data)
    .data                                    0x200000ec   Section        4  system_stm32f1xx.o(.data)
    .data                                    0x200000f0   Section        4  mvars.o(.data)
    .data                                    0x200000f4   Section        4  mvars.o(.data)
    .bss                                     0x200000f8   Section       32  stm32f1xx_hal_flash.o(.bss)
    .bss                                     0x20000118   Section       64  stm32f1xx_hal_timebase_tim.o(.bss)
    .bss                                     0x20000158   Section       64  debug_port.o(.bss)
    .bss                                     0x20000198   Section       88  display.o(.bss)
    .bss                                     0x200001f0   Section       32  flash.o(.bss)
    EraseInitStruct                          0x200001f0   Data          16  flash.o(.bss)
    EraseInitStruct                          0x20000200   Data          16  flash.o(.bss)
    .bss                                     0x20000210   Section       48  feedback_signals.o(.bss)
    .bss                                     0x20000240   Section       68  feedback_signals.o(.bss)
    .bss                                     0x20000284   Section       12  feedback_signals.o(.bss)
    .bss                                     0x20000290   Section       12  feedback_signals.o(.bss)
    .bss                                     0x2000029c   Section       20  dac.o(.bss)
    .bss                                     0x200002b0   Section      240  tasks.o(.bss)
    pxReadyTasksLists                        0x200002b0   Data         140  tasks.o(.bss)
    xDelayedTaskList1                        0x2000033c   Data          20  tasks.o(.bss)
    xDelayedTaskList2                        0x20000350   Data          20  tasks.o(.bss)
    xPendingReadyList                        0x20000364   Data          20  tasks.o(.bss)
    xTasksWaitingTermination                 0x20000378   Data          20  tasks.o(.bss)
    xSuspendedTaskList                       0x2000038c   Data          20  tasks.o(.bss)
    .bss                                     0x200003a0   Section     7168  heap_4.o(.bss)
    ucHeap                                   0x200003a0   Data        7168  heap_4.o(.bss)
    HEAP                                     0x20001fa0   Section      512  startup_stm32f103xb.o(HEAP)
    STACK                                    0x200021a0   Section     1024  startup_stm32f103xb.o(STACK)

    Global Symbols

    Symbol Name                              Value     Ov Type        Size  Object(Section)

    BuildAttributes$$THM_ISAv4$P$D$K$B$S$PE$A:L22UL41UL21$X:L11$S22US41US21$IEEE1$IW$USESV6$~STKCKD$USESV7$~SHL$OTIME$ROPI$EBA8$MICROLIB$REQ8$PRES8$EABIv2 0x00000000   Number         0  anon$$obj.o ABSOLUTE
    __ARM_use_no_argv                        0x00000000   Number         0  main.o ABSOLUTE
    __arm_fini_                               - Undefined Weak Reference
    __cpp_initialize__aeabi_                  - Undefined Weak Reference
    __cxa_finalize                            - Undefined Weak Reference
    __decompress                              - Undefined Weak Reference
    _clock_init                               - Undefined Weak Reference
    _microlib_exit                            - Undefined Weak Reference
    __Vectors_Size                           0x000000ec   Number         0  startup_stm32f103xb.o ABSOLUTE
    __Vectors                                0x08000000   Data           4  startup_stm32f103xb.o(RESET)
    __Vectors_End                            0x080000ec   Data           0  startup_stm32f103xb.o(RESET)
    __main                                   0x080000ed   Thumb Code     0  entry.o(.ARM.Collect$$$$00000000)
    _main_stk                                0x080000ed   Thumb Code     0  entry2.o(.ARM.Collect$$$$00000001)
    _main_scatterload                        0x080000f1   Thumb Code     0  entry5.o(.ARM.Collect$$$$00000004)
    __main_after_scatterload                 0x080000f5   Thumb Code     0  entry5.o(.ARM.Collect$$$$00000004)
    _main_clock                              0x080000f5   Thumb Code     0  entry7b.o(.ARM.Collect$$$$00000008)
    _main_cpp_init                           0x080000f5   Thumb Code     0  entry8b.o(.ARM.Collect$$$$0000000A)
    _main_init                               0x080000f5   Thumb Code     0  entry9a.o(.ARM.Collect$$$$0000000B)
    __rt_lib_shutdown_fini                   0x080000fd   Thumb Code     0  entry12b.o(.ARM.Collect$$$$0000000E)
    __rt_final_cpp                           0x08000101   Thumb Code     0  entry10a.o(.ARM.Collect$$$$0000000F)
    __rt_final_exit                          0x08000101   Thumb Code     0  entry11a.o(.ARM.Collect$$$$00000011)
    SVC_Handler                              0x08000105   Thumb Code    32  port.o(.emb_text)
    __asm___6_port_c_39a90d8d__prvStartFirstTask 0x08000129   Thumb Code    28  port.o(.emb_text)
    PendSV_Handler                           0x08000149   Thumb Code    72  port.o(.emb_text)
    vPortGetIPSR                             0x08000195   Thumb Code     6  port.o(.emb_text)
    Reset_Handler                            0x0800019d   Thumb Code     8  startup_stm32f103xb.o(.text)
    ADC1_2_IRQHandler                        0x080001b7   Thumb Code     0  startup_stm32f103xb.o(.text)
    CAN1_RX1_IRQHandler                      0x080001b7   Thumb Code     0  startup_stm32f103xb.o(.text)
    CAN1_SCE_IRQHandler                      0x080001b7   Thumb Code     0  startup_stm32f103xb.o(.text)
    DMA1_Channel2_IRQHandler                 0x080001b7   Thumb Code     0  startup_stm32f103xb.o(.text)
    DMA1_Channel3_IRQHandler                 0x080001b7   Thumb Code     0  startup_stm32f103xb.o(.text)
    DMA1_Channel4_IRQHandler                 0x080001b7   Thumb Code     0  startup_stm32f103xb.o(.text)
    DMA1_Channel5_IRQHandler                 0x080001b7   Thumb Code     0  startup_stm32f103xb.o(.text)
    DMA1_Channel6_IRQHandler                 0x080001b7   Thumb Code     0  startup_stm32f103xb.o(.text)
    DMA1_Channel7_IRQHandler                 0x080001b7   Thumb Code     0  startup_stm32f103xb.o(.text)
    EXTI0_IRQHandler                         0x080001b7   Thumb Code     0  startup_stm32f103xb.o(.text)
    EXTI15_10_IRQHandler                     0x080001b7   Thumb Code     0  startup_stm32f103xb.o(.text)
    EXTI1_IRQHandler                         0x080001b7   Thumb Code     0  startup_stm32f103xb.o(.text)
    EXTI2_IRQHandler                         0x080001b7   Thumb Code     0  startup_stm32f103xb.o(.text)
    EXTI3_IRQHandler                         0x080001b7   Thumb Code     0  startup_stm32f103xb.o(.text)
    EXTI4_IRQHandler                         0x080001b7   Thumb Code     0  startup_stm32f103xb.o(.text)
    EXTI9_5_IRQHandler                       0x080001b7   Thumb Code     0  startup_stm32f103xb.o(.text)
    FLASH_IRQHandler                         0x080001b7   Thumb Code     0  startup_stm32f103xb.o(.text)
    I2C1_ER_IRQHandler                       0x080001b7   Thumb Code     0  startup_stm32f103xb.o(.text)
    I2C1_EV_IRQHandler                       0x080001b7   Thumb Code     0  startup_stm32f103xb.o(.text)
    I2C2_ER_IRQHandler                       0x080001b7   Thumb Code     0  startup_stm32f103xb.o(.text)
    I2C2_EV_IRQHandler                       0x080001b7   Thumb Code     0  startup_stm32f103xb.o(.text)
    PVD_IRQHandler                           0x080001b7   Thumb Code     0  startup_stm32f103xb.o(.text)
    RCC_IRQHandler                           0x080001b7   Thumb Code     0  startup_stm32f103xb.o(.text)
    RTC_Alarm_IRQHandler                     0x080001b7   Thumb Code     0  startup_stm32f103xb.o(.text)
    RTC_IRQHandler                           0x080001b7   Thumb Code     0  startup_stm32f103xb.o(.text)
    SPI1_IRQHandler                          0x080001b7   Thumb Code     0  startup_stm32f103xb.o(.text)
    SPI2_IRQHandler                          0x080001b7   Thumb Code     0  startup_stm32f103xb.o(.text)
    TAMPER_IRQHandler                        0x080001b7   Thumb Code     0  startup_stm32f103xb.o(.text)
    TIM1_BRK_IRQHandler                      0x080001b7   Thumb Code     0  startup_stm32f103xb.o(.text)
    TIM1_CC_IRQHandler                       0x080001b7   Thumb Code     0  startup_stm32f103xb.o(.text)
    TIM1_TRG_COM_IRQHandler                  0x080001b7   Thumb Code     0  startup_stm32f103xb.o(.text)
    TIM1_UP_IRQHandler                       0x080001b7   Thumb Code     0  startup_stm32f103xb.o(.text)
    TIM3_IRQHandler                          0x080001b7   Thumb Code     0  startup_stm32f103xb.o(.text)
    TIM4_IRQHandler                          0x080001b7   Thumb Code     0  startup_stm32f103xb.o(.text)
    USART1_IRQHandler                        0x080001b7   Thumb Code     0  startup_stm32f103xb.o(.text)
    USART2_IRQHandler                        0x080001b7   Thumb Code     0  startup_stm32f103xb.o(.text)
    USART3_IRQHandler                        0x080001b7   Thumb Code     0  startup_stm32f103xb.o(.text)
    USBWakeUp_IRQHandler                     0x080001b7   Thumb Code     0  startup_stm32f103xb.o(.text)
    USB_HP_CAN1_TX_IRQHandler                0x080001b7   Thumb Code     0  startup_stm32f103xb.o(.text)
    USB_LP_CAN1_RX0_IRQHandler               0x080001b7   Thumb Code     0  startup_stm32f103xb.o(.text)
    WWDG_IRQHandler                          0x080001b7   Thumb Code     0  startup_stm32f103xb.o(.text)
    __aeabi_llsr                             0x080001c1   Thumb Code    32  llushr.o(.text)
    _ll_ushift_r                             0x080001c1   Thumb Code     0  llushr.o(.text)
    __aeabi_memset                           0x080001e1   Thumb Code    14  memseta.o(.text)
    __aeabi_memset4                          0x080001e1   Thumb Code     0  memseta.o(.text)
    __aeabi_memset8                          0x080001e1   Thumb Code     0  memseta.o(.text)
    __aeabi_memclr                           0x080001ef   Thumb Code     4  memseta.o(.text)
    __aeabi_memclr4                          0x080001ef   Thumb Code     0  memseta.o(.text)
    __aeabi_memclr8                          0x080001ef   Thumb Code     0  memseta.o(.text)
    _memset$wrapper                          0x080001f3   Thumb Code    18  memseta.o(.text)
    strlen                                   0x08000205   Thumb Code    14  strlen.o(.text)
    __aeabi_fadd                             0x08000213   Thumb Code   164  fadd.o(.text)
    __aeabi_fsub                             0x080002b7   Thumb Code     6  fadd.o(.text)
    __aeabi_frsub                            0x080002bd   Thumb Code     6  fadd.o(.text)
    __aeabi_fmul                             0x080002c3   Thumb Code   100  fmul.o(.text)
    __aeabi_fdiv                             0x08000327   Thumb Code   124  fdiv.o(.text)
    __ARM_scalbnf                            0x080003a3   Thumb Code    24  fscalb.o(.text)
    scalbnf                                  0x080003a3   Thumb Code     0  fscalb.o(.text)
    __aeabi_dadd                             0x080003bb   Thumb Code   322  dadd.o(.text)
    __aeabi_dsub                             0x080004fd   Thumb Code     6  dadd.o(.text)
    __aeabi_drsub                            0x08000503   Thumb Code     6  dadd.o(.text)
    __aeabi_dmul                             0x08000509   Thumb Code   228  dmul.o(.text)
    __aeabi_ddiv                             0x080005ed   Thumb Code   222  ddiv.o(.text)
    __aeabi_i2f                              0x080006cb   Thumb Code    18  fflti.o(.text)
    __aeabi_ui2f                             0x080006dd   Thumb Code    10  ffltui.o(.text)
    __aeabi_i2d                              0x080006e7   Thumb Code    34  dflti.o(.text)
    __aeabi_ui2d                             0x08000709   Thumb Code    26  dfltui.o(.text)
    __aeabi_f2uiz                            0x08000723   Thumb Code    40  ffixui.o(.text)
    __aeabi_d2uiz                            0x0800074b   Thumb Code    50  dfixui.o(.text)
    __aeabi_f2d                              0x0800077d   Thumb Code    38  f2d.o(.text)
    __aeabi_cfcmpeq                          0x080007a5   Thumb Code     0  cfcmple.o(.text)
    __aeabi_cfcmple                          0x080007a5   Thumb Code    20  cfcmple.o(.text)
    __aeabi_cfrcmple                         0x080007b9   Thumb Code    20  cfrcmple.o(.text)
    __aeabi_llsl                             0x080007cd   Thumb Code    30  llshl.o(.text)
    _ll_shift_l                              0x080007cd   Thumb Code     0  llshl.o(.text)
    __aeabi_lasr                             0x080007eb   Thumb Code    36  llsshr.o(.text)
    _ll_sshift_r                             0x080007eb   Thumb Code     0  llsshr.o(.text)
    __I$use$fp                               0x0800080f   Thumb Code     0  iusefp.o(.text)
    _float_round                             0x0800080f   Thumb Code    18  fepilogue.o(.text)
    _float_epilogue                          0x08000821   Thumb Code    92  fepilogue.o(.text)
    _double_round                            0x0800087d   Thumb Code    30  depilogue.o(.text)
    _double_epilogue                         0x0800089b   Thumb Code   156  depilogue.o(.text)
    __scatterload                            0x08000939   Thumb Code    28  init.o(.text)
    __scatterload_rt2                        0x08000939   Thumb Code     0  init.o(.text)
    ADC_ConversionStop_Disable               0x0800095d   Thumb Code    76  stm32f1xx_hal_adc.o(i.ADC_ConversionStop_Disable)
    ADC_DMAConvCplt                          0x080009a9   Thumb Code    78  stm32f1xx_hal_adc.o(i.ADC_DMAConvCplt)
    ADC_DMAError                             0x080009f7   Thumb Code    26  stm32f1xx_hal_adc.o(i.ADC_DMAError)
    ADC_DMAHalfConvCplt                      0x08000a11   Thumb Code    10  stm32f1xx_hal_adc.o(i.ADC_DMAHalfConvCplt)
    ADC_Enable                               0x08000a1d   Thumb Code   104  stm32f1xx_hal_adc.o(i.ADC_Enable)
    BusFault_Handler                         0x08000a8d   Thumb Code     2  stm32f1xx_it.o(i.BusFault_Handler)
    Control_LED_Init                         0x08000a91   Thumb Code   202  display.o(i.Control_LED_Init)
    DAC_Init                                 0x08000b69   Thumb Code    50  dac.o(i.DAC_Init)
    DMA1_Channel1_IRQHandler                 0x08000ba5   Thumb Code     6  stm32f1xx_it.o(i.DMA1_Channel1_IRQHandler)
    DebugMon_Handler                         0x08000bdb   Thumb Code     2  stm32f1xx_it.o(i.DebugMon_Handler)
    Error_Handler                            0x08000be7   Thumb Code     2  feedback_signals.o(i.Error_Handler)
    FLASH_PageErase                          0x08000c0d   Thumb Code    28  stm32f1xx_hal_flash_ex.o(i.FLASH_PageErase)
    FLASH_WaitForLastOperation               0x08000ca9   Thumb Code    80  stm32f1xx_hal_flash.o(i.FLASH_WaitForLastOperation)
    HAL_ADC_ConfigChannel                    0x08000cfd   Thumb Code   240  stm32f1xx_hal_adc.o(i.HAL_ADC_ConfigChannel)
    HAL_ADC_ConvCpltCallback                 0x08000df9   Thumb Code     2  stm32f1xx_hal_adc.o(i.HAL_ADC_ConvCpltCallback)
    HAL_ADC_ConvHalfCpltCallback             0x08000dfb   Thumb Code     2  stm32f1xx_hal_adc.o(i.HAL_ADC_ConvHalfCpltCallback)
    HAL_ADC_ErrorCallback                    0x08000dfd   Thumb Code     2  stm32f1xx_hal_adc.o(i.HAL_ADC_ErrorCallback)
    HAL_ADC_Init                             0x08000e01   Thumb Code   272  stm32f1xx_hal_adc.o(i.HAL_ADC_Init)
    HAL_ADC_MspInit                          0x08000f1d   Thumb Code   158  stm32f1xx_hal_adc.o(i.HAL_ADC_MspInit)
    HAL_ADC_Start_DMA                        0x08000fd5   Thumb Code   246  stm32f1xx_hal_adc.o(i.HAL_ADC_Start_DMA)
    HAL_DAC_ConfigChannel                    0x080010e1   Thumb Code    78  stm32f1xx_hal_dac.o(i.HAL_DAC_ConfigChannel)
    HAL_DAC_Init                             0x0800112f   Thumb Code    40  stm32f1xx_hal_dac.o(i.HAL_DAC_Init)
    HAL_DAC_MspInit                          0x08001159   Thumb Code    76  stm32f1xx_hal_dac.o(i.HAL_DAC_MspInit)
    HAL_DAC_SetValue                         0x080011b1   Thumb Code    26  stm32f1xx_hal_dac.o(i.HAL_DAC_SetValue)
    HAL_DAC_Start                            0x080011cb   Thumb Code    92  stm32f1xx_hal_dac.o(i.HAL_DAC_Start)
    HAL_DMA_IRQHandler                       0x08001229   Thumb Code   316  stm32f1xx_hal_dma.o(i.HAL_DMA_IRQHandler)
    HAL_DMA_Init                             0x0800137d   Thumb Code    84  stm32f1xx_hal_dma.o(i.HAL_DMA_Init)
    HAL_DMA_Start_IT                         0x080013d9   Thumb Code   112  stm32f1xx_hal_dma.o(i.HAL_DMA_Start_IT)
    HAL_Delay                                0x08001449   Thumb Code    32  stm32f1xx_hal.o(i.HAL_Delay)
    HAL_FLASHEx_Erase                        0x0800146d   Thumb Code   160  stm32f1xx_hal_flash_ex.o(i.HAL_FLASHEx_Erase)
    HAL_FLASH_Lock                           0x08001515   Thumb Code    14  stm32f1xx_hal_flash.o(i.HAL_FLASH_Lock)
    HAL_FLASH_Program                        0x08001529   Thumb Code   120  stm32f1xx_hal_flash.o(i.HAL_FLASH_Program)
    HAL_FLASH_Unlock                         0x080015a9   Thumb Code    28  stm32f1xx_hal_flash.o(i.HAL_FLASH_Unlock)
    HAL_GPIO_Init                            0x080015d1   Thumb Code   446  stm32f1xx_hal_gpio.o(i.HAL_GPIO_Init)
    HAL_GPIO_ReadPin                         0x080017b1   Thumb Code    10  stm32f1xx_hal_gpio.o(i.HAL_GPIO_ReadPin)
    HAL_GPIO_WritePin                        0x080017bb   Thumb Code    10  stm32f1xx_hal_gpio.o(i.HAL_GPIO_WritePin)
    HAL_GetTick                              0x080017c5   Thumb Code     6  stm32f1xx_hal.o(i.HAL_GetTick)
    HAL_IncTick                              0x080017d1   Thumb Code    12  stm32f1xx_hal.o(i.HAL_IncTick)
    HAL_Init                                 0x080017e1   Thumb Code    32  stm32f1xx_hal.o(i.HAL_Init)
    HAL_InitTick                             0x08001805   Thumb Code   114  stm32f1xx_hal_timebase_tim.o(i.HAL_InitTick)
    HAL_MspInit                              0x08001885   Thumb Code    52  stm32f1xx_hal.o(i.HAL_MspInit)
    HAL_NVIC_EnableIRQ                       0x080018c1   Thumb Code    26  stm32f1xx_hal_cortex.o(i.HAL_NVIC_EnableIRQ)
    HAL_NVIC_SetPriority                     0x080018dd   Thumb Code    60  stm32f1xx_hal_cortex.o(i.HAL_NVIC_SetPriority)
    HAL_NVIC_SetPriorityGrouping             0x0800191d   Thumb Code    26  stm32f1xx_hal_cortex.o(i.HAL_NVIC_SetPriorityGrouping)
    HAL_RCC_ClockConfig                      0x08001941   Thumb Code   280  stm32f1xx_hal_rcc.o(i.HAL_RCC_ClockConfig)
    HAL_RCC_GetClockConfig                   0x08001a6d   Thumb Code    54  stm32f1xx_hal_rcc.o(i.HAL_RCC_GetClockConfig)
    HAL_RCC_GetPCLK1Freq                     0x08001aad   Thumb Code    20  stm32f1xx_hal_rcc.o(i.HAL_RCC_GetPCLK1Freq)
    HAL_RCC_GetPCLK2Freq                     0x08001acd   Thumb Code    20  stm32f1xx_hal_rcc.o(i.HAL_RCC_GetPCLK2Freq)
    HAL_RCC_GetSysClockFreq                  0x08001aed   Thumb Code    74  stm32f1xx_hal_rcc.o(i.HAL_RCC_GetSysClockFreq)
    HAL_RCC_OscConfig                        0x08001b59   Thumb Code   778  stm32f1xx_hal_rcc.o(i.HAL_RCC_OscConfig)
    HAL_SPI_Init                             0x08001e79   Thumb Code   136  stm32f1xx_hal_spi.o(i.HAL_SPI_Init)
    HAL_SPI_MspInit                          0x08001f01   Thumb Code    80  stm32f1xx_hal_spi.o(i.HAL_SPI_MspInit)
    HAL_SPI_Transmit                         0x08001f5d   Thumb Code   392  stm32f1xx_hal_spi.o(i.HAL_SPI_Transmit)
    HAL_TIMEx_BreakCallback                  0x080020e5   Thumb Code     2  stm32f1xx_hal_tim_ex.o(i.HAL_TIMEx_BreakCallback)
    HAL_TIMEx_CommutCallback                 0x080020e7   Thumb Code     2  stm32f1xx_hal_tim_ex.o(i.HAL_TIMEx_CommutCallback)
    HAL_TIM_Base_Init                        0x080020e9   Thumb Code    54  stm32f1xx_hal_tim.o(i.HAL_TIM_Base_Init)
    HAL_TIM_Base_MspInit                     0x08002121   Thumb Code   116  stm32f1xx_hal_tim.o(i.HAL_TIM_Base_MspInit)
    HAL_TIM_Base_Start_IT                    0x080021a1   Thumb Code    34  stm32f1xx_hal_tim.o(i.HAL_TIM_Base_Start_IT)
    HAL_TIM_IC_CaptureCallback               0x080021c3   Thumb Code     2  stm32f1xx_hal_tim.o(i.HAL_TIM_IC_CaptureCallback)
    HAL_TIM_IRQHandler                       0x080021c5   Thumb Code   358  stm32f1xx_hal_tim.o(i.HAL_TIM_IRQHandler)
    HAL_TIM_OC_DelayElapsedCallback          0x0800232b   Thumb Code     2  stm32f1xx_hal_tim.o(i.HAL_TIM_OC_DelayElapsedCallback)
    HAL_TIM_PWM_PulseFinishedCallback        0x0800232d   Thumb Code     2  stm32f1xx_hal_tim.o(i.HAL_TIM_PWM_PulseFinishedCallback)
    HAL_TIM_PeriodElapsedCallback            0x0800232f   Thumb Code     4  stm32f1xx_hal_timebase_tim.o(i.HAL_TIM_PeriodElapsedCallback)
    HAL_TIM_TriggerCallback                  0x08002333   Thumb Code     2  stm32f1xx_hal_tim.o(i.HAL_TIM_TriggerCallback)
    HAL_UART_Init                            0x08002335   Thumb Code    98  stm32f1xx_hal_uart.o(i.HAL_UART_Init)
    HAL_UART_MspInit                         0x08002399   Thumb Code    98  stm32f1xx_hal_uart.o(i.HAL_UART_MspInit)
    HAL_UART_Transmit                        0x08002405   Thumb Code   186  stm32f1xx_hal_uart.o(i.HAL_UART_Transmit)
    HardFault_Handler                        0x080024bf   Thumb Code     2  stm32f1xx_it.o(i.HardFault_Handler)
    MX_ADC1_Init                             0x080024c1   Thumb Code   134  feedback_signals.o(i.MX_ADC1_Init)
    MX_DMA_Init                              0x08002551   Thumb Code    72  feedback_signals.o(i.MX_DMA_Init)
    MX_GPIO_Init                             0x0800259d   Thumb Code   140  inputs.o(i.MX_GPIO_Init)
    MemManage_Handler                        0x08002639   Thumb Code     2  stm32f1xx_it.o(i.MemManage_Handler)
    NMI_Handler                              0x0800263b   Thumb Code     2  stm32f1xx_it.o(i.NMI_Handler)
    Output_Init                              0x0800263d   Thumb Code   290  outputs.o(i.Output_Init)
    SPI1_Init                                0x08002771   Thumb Code    56  display.o(i.SPI1_Init)
    SysTick_Handler                          0x08002865   Thumb Code     4  stm32f1xx_it.o(i.SysTick_Handler)
    SystemClock_Config                       0x08002869   Thumb Code    94  system_clock.o(i.SystemClock_Config)
    SystemInit                               0x080028c9   Thumb Code    56  system_stm32f1xx.o(i.SystemInit)
    TIM2_IRQHandler                          0x08002911   Thumb Code     6  stm32f1xx_hal_timebase_tim.o(i.TIM2_IRQHandler)
    TIM_Base_SetConfig                       0x0800291d   Thumb Code    94  stm32f1xx_hal_tim.o(i.TIM_Base_SetConfig)
    UsageFault_Handler                       0x08002aa5   Thumb Code     2  stm32f1xx_it.o(i.UsageFault_Handler)
    __scatterload_copy                       0x08002ac7   Thumb Code    14  handlers.o(i.__scatterload_copy)
    __scatterload_null                       0x08002ad5   Thumb Code     2  handlers.o(i.__scatterload_null)
    __scatterload_zeroinit                   0x08002ad7   Thumb Code    14  handlers.o(i.__scatterload_zeroinit)
    check_OT                                 0x08002ae5   Thumb Code    22  inputs.o(i.check_OT)
    check_arc_force                          0x08002b01   Thumb Code    20  inputs.o(i.check_arc_force)
    check_current_on                         0x08002bc5   Thumb Code    22  inputs.o(i.check_current_on)
    check_inputs                             0x08002be1   Thumb Code   114  inputs.o(i.check_inputs)
    check_request_fan                        0x08002c61   Thumb Code    22  inputs.o(i.check_request_fan)
    check_trigger                            0x08002c7d   Thumb Code    22  inputs.o(i.check_trigger)
    clear_all_LEDs                           0x08002c99   Thumb Code    32  display.o(i.clear_all_LEDs)
    display_7seg                             0x08002cb9   Thumb Code   200  segment_led.o(i.display_7seg)
    flash_read                               0x08002d85   Thumb Code     4  flash.o(i.flash_read)
    flash_write                              0x08002d89   Thumb Code    96  flash.o(i.flash_write)
    free                                     0x08002ded   Thumb Code    76  malloc.o(i.free)
    init_uart                                0x08002e3d   Thumb Code    30  debug_port.o(i.init_uart)
    leds_button                              0x08002e65   Thumb Code    42  display.o(i.leds_button)
    main                                     0x08002e95   Thumb Code   156  main.o(i.main)
    malloc                                   0x08002fb5   Thumb Code    92  malloc.o(i.malloc)
    osSystickHandler                         0x08003021   Thumb Code    20  cmsis_os.o(i.osSystickHandler)
    out_segment_leds                         0x08003035   Thumb Code   130  segment_led.o(i.out_segment_leds)
    process_2T                               0x080030c5   Thumb Code   474  process.o(i.process_2T)
    process_4T                               0x08003329   Thumb Code   554  process.o(i.process_4T)
    process_display                          0x08003605   Thumb Code   312  manage_tasks.o(i.process_display)
    process_feedback_signals                 0x0800374d   Thumb Code   634  manage_tasks.o(i.process_feedback_signals)
    process_inputs                           0x08003a75   Thumb Code   260  manage_tasks.o(i.process_inputs)
    process_timer_1ms                        0x08003b91   Thumb Code   300  manage_tasks.o(i.process_timer_1ms)
    process_welding                          0x08003cf9   Thumb Code   212  manage_tasks.o(i.process_welding)
    pvPortMalloc                             0x08004119   Thumb Code   210  heap_4.o(i.pvPortMalloc)
    pxPortInitialiseStack                    0x080041f1   Thumb Code    32  port.o(i.pxPortInitialiseStack)
    restore_state                            0x08004215   Thumb Code    30  process.o(i.restore_state)
    send_message                             0x08004239   Thumb Code    24  debug_port.o(i.send_message)
    send_numbers                             0x08004255   Thumb Code    96  debug_port.o(i.send_numbers)
    sound_beep                               0x080042c5   Thumb Code    34  outputs.o(i.sound_beep)
    start_DAC                                0x080042ed   Thumb Code     8  dac.o(i.start_DAC)
    switch_led                               0x080042f9   Thumb Code    84  single_led.o(i.switch_led)
    transmiter_buffer                        0x08004355   Thumb Code    32  display.o(i.transmiter_buffer)
    transmiter_byte                          0x08004379   Thumb Code    22  display.o(i.transmiter_byte)
    update_flash                             0x080043a5   Thumb Code    44  flash.o(i.update_flash)
    uxListRemove                             0x080043d1   Thumb Code    38  list.o(i.uxListRemove)
    vListInitialise                          0x080043f7   Thumb Code    22  list.o(i.vListInitialise)
    vListInitialiseItem                      0x0800440d   Thumb Code     6  list.o(i.vListInitialiseItem)
    vListInsert                              0x08004413   Thumb Code    48  list.o(i.vListInsert)
    vListInsertEnd                           0x08004443   Thumb Code    24  list.o(i.vListInsertEnd)
    vPortEnterCritical                       0x0800445d   Thumb Code    54  port.o(i.vPortEnterCritical)
    vPortExitCritical                        0x0800449d   Thumb Code    34  port.o(i.vPortExitCritical)
    vPortFree                                0x080044c5   Thumb Code    88  heap_4.o(i.vPortFree)
    vPortSetupTimerInterrupt                 0x08004521   Thumb Code    32  port.o(i.vPortSetupTimerInterrupt)
    vTaskDelay                               0x08004545   Thumb Code    66  tasks.o(i.vTaskDelay)
    vTaskStartScheduler                      0x08004591   Thumb Code    86  tasks.o(i.vTaskStartScheduler)
    vTaskSuspendAll                          0x080045f9   Thumb Code    10  tasks.o(i.vTaskSuspendAll)
    vTaskSwitchContext                       0x08004609   Thumb Code    82  tasks.o(i.vTaskSwitchContext)
    xPortStartScheduler                      0x080047dd   Thumb Code   154  port.o(i.xPortStartScheduler)
    xPortSysTickHandler                      0x08004885   Thumb Code    38  port.o(i.xPortSysTickHandler)
    xTaskCreate                              0x080048b1   Thumb Code    86  tasks.o(i.xTaskCreate)
    xTaskGetSchedulerState                   0x08004909   Thumb Code    22  tasks.o(i.xTaskGetSchedulerState)
    xTaskIncrementTick                       0x08004925   Thumb Code   192  tasks.o(i.xTaskIncrementTick)
    xTaskResumeAll                           0x080049ed   Thumb Code   182  tasks.o(i.xTaskResumeAll)
    AHBPrescTable                            0x08004ab0   Data          16  system_stm32f1xx.o(.constdata)
    APBPrescTable                            0x08004ac0   Data           8  system_stm32f1xx.o(.constdata)
    Region$$Table$$Base                      0x08004ac8   Number         0  anon$$obj.o(Region$$Table)
    Region$$Table$$Limit                     0x08004ae8   Number         0  anon$$obj.o(Region$$Table)
    uwTickFreq                               0x20000000   Data           1  stm32f1xx_hal.o(.data)
    uwTickPrio                               0x20000004   Data           4  stm32f1xx_hal.o(.data)
    uwTick                                   0x20000008   Data           4  stm32f1xx_hal.o(.data)
    position                                 0x2000000c   Data           2  main.o(.data)
    counter_wait                             0x20000010   Data           1  manage_tasks.o(.data)
    wait_timeout_1s                          0x20000011   Data           1  manage_tasks.o(.data)
    arcForce                                 0x20000012   Data           1  manage_tasks.o(.data)
    on_fan                                   0x20000013   Data           1  manage_tasks.o(.data)
    start                                    0x20000014   Data           1  manage_tasks.o(.data)
    Flag_OT                                  0x20000015   Data           1  manage_tasks.o(.data)
    flagStatus                               0x20000016   Data           1  manage_tasks.o(.data)
    task                                     0x20000017   Data           1  manage_tasks.o(.data)
    adjust                                   0x20000018   Data           1  manage_tasks.o(.data)
    left_quantity                            0x20000019   Data           1  manage_tasks.o(.data)
    changedProcess                           0x2000001a   Data           1  manage_tasks.o(.data)
    previousTime                             0x2000001b   Data           1  manage_tasks.o(.data)
    previous_preset_current                  0x2000001c   Data           1  manage_tasks.o(.data)
    preset_current                           0x2000001d   Data           1  manage_tasks.o(.data)
    previous_arc_force                       0x2000001e   Data           1  manage_tasks.o(.data)
    arc_force                                0x2000001f   Data           1  manage_tasks.o(.data)
    left_value                               0x20000020   Data           1  manage_tasks.o(.data)
    right_value                              0x20000021   Data           1  manage_tasks.o(.data)
    right_quantity                           0x20000022   Data           1  manage_tasks.o(.data)
    feedback_volt                            0x20000024   Data           2  manage_tasks.o(.data)
    feedback_current                         0x20000026   Data           2  manage_tasks.o(.data)
    current_welding                          0x20000028   Data           2  manage_tasks.o(.data)
    counter_1ms                              0x2000002c   Data           4  manage_tasks.o(.data)
    previous_post_gas                        0x20000030   Data           4  manage_tasks.o(.data)
    post_gas                                 0x20000034   Data           4  manage_tasks.o(.data)
    previous_down_slope                      0x20000038   Data           4  manage_tasks.o(.data)
    down_slope                               0x2000003c   Data           4  manage_tasks.o(.data)
    feedback_volt_remote_command             0x20000040   Data           4  manage_tasks.o(.data)
    coefficient_remote                       0x20000044   Data           4  manage_tasks.o(.data)
    previousState                            0x20000048   Data           3  inputs.o(.data)
    LED                                      0x2000004b   Data           1  single_led.o(.data)
    LED_PROCESS                              0x2000004c   Data           2  display.o(.data)
    LED_MODE                                 0x2000004e   Data           2  display.o(.data)
    sample_times                             0x20000050   Data           2  feedback_signals.o(.data)
    Time_Out                                 0x20000054   Data           1  process.o(.data)
    EnableWaitTimeOut                        0x20000055   Data           1  process.o(.data)
    Failed_Start                             0x20000056   Data           1  process.o(.data)
    enableChangeMode                         0x20000057   Data           1  process.o(.data)
    Released                                 0x20000058   Data           1  process.o(.data)
    InitialFail                              0x20000059   Data           1  process.o(.data)
    enablePregas                             0x2000005a   Data           1  process.o(.data)
    time_pregas                              0x2000005b   Data           1  process.o(.data)
    time_up_slope                            0x2000005c   Data           1  process.o(.data)
    time_down_slope                          0x2000005d   Data           1  process.o(.data)
    time_post_gas                            0x2000005e   Data           1  process.o(.data)
    current                                  0x2000005f   Data           1  process.o(.data)
    down_slope_current                       0x20000060   Data           1  process.o(.data)
    check                                    0x20000061   Data           1  process.o(.data)
    counter_wait_feedback_current            0x20000062   Data           2  process.o(.data)
    increase                                 0x20000064   Data           4  process.o(.data)
    jump                                     0x20000068   Data           4  process.o(.data)
    LESs                                     0x2000006c   Data           6  segment_led.o(.data)
    code_segment                             0x20000072   Data          23  segment_led.o(.data)
    pxCurrentTCB                             0x2000008c   Data           4  tasks.o(.data)
    SystemCoreClock                          0x200000ec   Data           4  system_stm32f1xx.o(.data)
    __microlib_freelist                      0x200000f0   Data           4  mvars.o(.data)
    __microlib_freelist_initialised          0x200000f4   Data           4  mvars.o(.data)
    pFlash                                   0x200000f8   Data          32  stm32f1xx_hal_flash.o(.bss)
    TimHandle                                0x20000118   Data          64  stm32f1xx_hal_timebase_tim.o(.bss)
    UartHandle                               0x20000158   Data          64  debug_port.o(.bss)
    hspi1                                    0x20000198   Data          88  display.o(.bss)
    hadc1                                    0x20000210   Data          48  feedback_signals.o(.bss)
    hdma_adc1                                0x20000240   Data          68  feedback_signals.o(.bss)
    adc_buffer                               0x20000284   Data          12  feedback_signals.o(.bss)
    sample_adc_buffer                        0x20000290   Data          12  feedback_signals.o(.bss)
    hdac                                     0x2000029c   Data          20  dac.o(.bss)
    __heap_base                              0x20001fa0   Data           0  startup_stm32f103xb.o(HEAP)
    __heap_limit                             0x200021a0   Data           0  startup_stm32f103xb.o(HEAP)
    __initial_sp                             0x200025a0   Data           0  startup_stm32f103xb.o(STACK)



==============================================================================

Memory Map of the image

  Image Entry point : 0x080000ed

  Load Region LR_IROM1 (Base: 0x08000000, Size: 0x00004be0, Max: 0x00040000, ABSOLUTE)

    Execution Region ER_IROM1 (Exec base: 0x08000000, Load base: 0x08000000, Size: 0x00004ae8, Max: 0x00040000, ABSOLUTE)

    Exec Addr    Load Addr    Size         Type   Attr      Idx    E Section Name        Object

    0x08000000   0x08000000   0x000000ec   Data   RO         2997    RESET               startup_stm32f103xb.o
    0x080000ec   0x080000ec   0x00000000   Code   RO         4940  * .ARM.Collect$$$$00000000  mc_w.l(entry.o)
    0x080000ec   0x080000ec   0x00000004   Code   RO         5013    .ARM.Collect$$$$00000001  mc_w.l(entry2.o)
    0x080000f0   0x080000f0   0x00000004   Code   RO         5016    .ARM.Collect$$$$00000004  mc_w.l(entry5.o)
    0x080000f4   0x080000f4   0x00000000   Code   RO         5018    .ARM.Collect$$$$00000008  mc_w.l(entry7b.o)
    0x080000f4   0x080000f4   0x00000000   Code   RO         5020    .ARM.Collect$$$$0000000A  mc_w.l(entry8b.o)
    0x080000f4   0x080000f4   0x00000008   Code   RO         5021    .ARM.Collect$$$$0000000B  mc_w.l(entry9a.o)
    0x080000fc   0x080000fc   0x00000004   Code   RO         5028    .ARM.Collect$$$$0000000E  mc_w.l(entry12b.o)
    0x08000100   0x08000100   0x00000000   Code   RO         5023    .ARM.Collect$$$$0000000F  mc_w.l(entry10a.o)
    0x08000100   0x08000100   0x00000000   Code   RO         5025    .ARM.Collect$$$$00000011  mc_w.l(entry11a.o)
    0x08000100   0x08000100   0x00000004   Code   RO         5014    .ARM.Collect$$$$00002712  mc_w.l(entry2.o)
    0x08000104   0x08000104   0x00000096   Code   RO         4371    .emb_text           port.o
    0x0800019a   0x0800019a   0x00000002   PAD
    0x0800019c   0x0800019c   0x00000024   Code   RO         2998    .text               startup_stm32f103xb.o
    0x080001c0   0x080001c0   0x00000020   Code   RO         4943    .text               mc_w.l(llushr.o)
    0x080001e0   0x080001e0   0x00000024   Code   RO         4947    .text               mc_w.l(memseta.o)
    0x08000204   0x08000204   0x0000000e   Code   RO         4949    .text               mc_w.l(strlen.o)
    0x08000212   0x08000212   0x000000b0   Code   RO         4981    .text               mf_w.l(fadd.o)
    0x080002c2   0x080002c2   0x00000064   Code   RO         4983    .text               mf_w.l(fmul.o)
    0x08000326   0x08000326   0x0000007c   Code   RO         4985    .text               mf_w.l(fdiv.o)
    0x080003a2   0x080003a2   0x00000018   Code   RO         4987    .text               mf_w.l(fscalb.o)
    0x080003ba   0x080003ba   0x0000014e   Code   RO         4989    .text               mf_w.l(dadd.o)
    0x08000508   0x08000508   0x000000e4   Code   RO         4991    .text               mf_w.l(dmul.o)
    0x080005ec   0x080005ec   0x000000de   Code   RO         4993    .text               mf_w.l(ddiv.o)
    0x080006ca   0x080006ca   0x00000012   Code   RO         4995    .text               mf_w.l(fflti.o)
    0x080006dc   0x080006dc   0x0000000a   Code   RO         4997    .text               mf_w.l(ffltui.o)
    0x080006e6   0x080006e6   0x00000022   Code   RO         4999    .text               mf_w.l(dflti.o)
    0x08000708   0x08000708   0x0000001a   Code   RO         5001    .text               mf_w.l(dfltui.o)
    0x08000722   0x08000722   0x00000028   Code   RO         5003    .text               mf_w.l(ffixui.o)
    0x0800074a   0x0800074a   0x00000032   Code   RO         5005    .text               mf_w.l(dfixui.o)
    0x0800077c   0x0800077c   0x00000026   Code   RO         5007    .text               mf_w.l(f2d.o)
    0x080007a2   0x080007a2   0x00000002   PAD
    0x080007a4   0x080007a4   0x00000014   Code   RO         5009    .text               mf_w.l(cfcmple.o)
    0x080007b8   0x080007b8   0x00000014   Code   RO         5011    .text               mf_w.l(cfrcmple.o)
    0x080007cc   0x080007cc   0x0000001e   Code   RO         5029    .text               mc_w.l(llshl.o)
    0x080007ea   0x080007ea   0x00000024   Code   RO         5031    .text               mc_w.l(llsshr.o)
    0x0800080e   0x0800080e   0x00000000   Code   RO         5035    .text               mc_w.l(iusefp.o)
    0x0800080e   0x0800080e   0x0000006e   Code   RO         5036    .text               mf_w.l(fepilogue.o)
    0x0800087c   0x0800087c   0x000000ba   Code   RO         5038    .text               mf_w.l(depilogue.o)
    0x08000936   0x08000936   0x00000002   PAD
    0x08000938   0x08000938   0x00000024   Code   RO         5040    .text               mc_w.l(init.o)
    0x0800095c   0x0800095c   0x0000004c   Code   RO         2484    i.ADC_ConversionStop_Disable  stm32f1xx_hal_adc.o
    0x080009a8   0x080009a8   0x0000004e   Code   RO         2485    i.ADC_DMAConvCplt   stm32f1xx_hal_adc.o
    0x080009f6   0x080009f6   0x0000001a   Code   RO         2486    i.ADC_DMAError      stm32f1xx_hal_adc.o
    0x08000a10   0x08000a10   0x0000000a   Code   RO         2487    i.ADC_DMAHalfConvCplt  stm32f1xx_hal_adc.o
    0x08000a1a   0x08000a1a   0x00000002   PAD
    0x08000a1c   0x08000a1c   0x00000070   Code   RO         2488    i.ADC_Enable        stm32f1xx_hal_adc.o
    0x08000a8c   0x08000a8c   0x00000002   Code   RO         3164    i.BusFault_Handler  stm32f1xx_it.o
    0x08000a8e   0x08000a8e   0x00000002   PAD
    0x08000a90   0x08000a90   0x000000d8   Code   RO         3465    i.Control_LED_Init  display.o
    0x08000b68   0x08000b68   0x0000003c   Code   RO         3618    i.DAC_Init          dac.o
    0x08000ba4   0x08000ba4   0x0000000c   Code   RO         3165    i.DMA1_Channel1_IRQHandler  stm32f1xx_it.o
    0x08000bb0   0x08000bb0   0x0000002a   Code   RO         1527    i.DMA_SetConfig     stm32f1xx_hal_dma.o
    0x08000bda   0x08000bda   0x00000002   Code   RO         3166    i.DebugMon_Handler  stm32f1xx_it.o
    0x08000bdc   0x08000bdc   0x0000000a   Code   RO         3651    i.Delay             process.o
    0x08000be6   0x08000be6   0x00000002   Code   RO         3575    i.Error_Handler     feedback_signals.o
    0x08000be8   0x08000be8   0x00000024   Code   RO         2051    i.FLASH_MassErase   stm32f1xx_hal_flash_ex.o
    0x08000c0c   0x08000c0c   0x00000024   Code   RO         2056    i.FLASH_PageErase   stm32f1xx_hal_flash_ex.o
    0x08000c30   0x08000c30   0x0000001c   Code   RO         1948    i.FLASH_Program_HalfWord  stm32f1xx_hal_flash.o
    0x08000c4c   0x08000c4c   0x0000005c   Code   RO         1949    i.FLASH_SetErrorCode  stm32f1xx_hal_flash.o
    0x08000ca8   0x08000ca8   0x00000054   Code   RO         1950    i.FLASH_WaitForLastOperation  stm32f1xx_hal_flash.o
    0x08000cfc   0x08000cfc   0x000000fc   Code   RO         2490    i.HAL_ADC_ConfigChannel  stm32f1xx_hal_adc.o
    0x08000df8   0x08000df8   0x00000002   Code   RO         2491    i.HAL_ADC_ConvCpltCallback  stm32f1xx_hal_adc.o
    0x08000dfa   0x08000dfa   0x00000002   Code   RO         2492    i.HAL_ADC_ConvHalfCpltCallback  stm32f1xx_hal_adc.o
    0x08000dfc   0x08000dfc   0x00000002   Code   RO         2494    i.HAL_ADC_ErrorCallback  stm32f1xx_hal_adc.o
    0x08000dfe   0x08000dfe   0x00000002   PAD
    0x08000e00   0x08000e00   0x0000011c   Code   RO         2499    i.HAL_ADC_Init      stm32f1xx_hal_adc.o
    0x08000f1c   0x08000f1c   0x000000b8   Code   RO         2502    i.HAL_ADC_MspInit   stm32f1xx_hal_adc.o
    0x08000fd4   0x08000fd4   0x0000010c   Code   RO         2506    i.HAL_ADC_Start_DMA  stm32f1xx_hal_adc.o
    0x080010e0   0x080010e0   0x0000004e   Code   RO         2773    i.HAL_DAC_ConfigChannel  stm32f1xx_hal_dac.o
    0x0800112e   0x0800112e   0x00000028   Code   RO         2783    i.HAL_DAC_Init      stm32f1xx_hal_dac.o
    0x08001156   0x08001156   0x00000002   PAD
    0x08001158   0x08001158   0x00000058   Code   RO         2785    i.HAL_DAC_MspInit   stm32f1xx_hal_dac.o
    0x080011b0   0x080011b0   0x0000001a   Code   RO         2786    i.HAL_DAC_SetValue  stm32f1xx_hal_dac.o
    0x080011ca   0x080011ca   0x0000005c   Code   RO         2787    i.HAL_DAC_Start     stm32f1xx_hal_dac.o
    0x08001226   0x08001226   0x00000002   PAD
    0x08001228   0x08001228   0x00000154   Code   RO         1533    i.HAL_DMA_IRQHandler  stm32f1xx_hal_dma.o
    0x0800137c   0x0800137c   0x0000005c   Code   RO         1534    i.HAL_DMA_Init      stm32f1xx_hal_dma.o
    0x080013d8   0x080013d8   0x00000070   Code   RO         1538    i.HAL_DMA_Start_IT  stm32f1xx_hal_dma.o
    0x08001448   0x08001448   0x00000024   Code   RO           11    i.HAL_Delay         stm32f1xx_hal.o
    0x0800146c   0x0800146c   0x000000a8   Code   RO         2057    i.HAL_FLASHEx_Erase  stm32f1xx_hal_flash_ex.o
    0x08001514   0x08001514   0x00000014   Code   RO         1954    i.HAL_FLASH_Lock    stm32f1xx_hal_flash.o
    0x08001528   0x08001528   0x00000080   Code   RO         1959    i.HAL_FLASH_Program  stm32f1xx_hal_flash.o
    0x080015a8   0x080015a8   0x00000028   Code   RO         1961    i.HAL_FLASH_Unlock  stm32f1xx_hal_flash.o
    0x080015d0   0x080015d0   0x000001e0   Code   RO         1464    i.HAL_GPIO_Init     stm32f1xx_hal_gpio.o
    0x080017b0   0x080017b0   0x0000000a   Code   RO         1466    i.HAL_GPIO_ReadPin  stm32f1xx_hal_gpio.o
    0x080017ba   0x080017ba   0x0000000a   Code   RO         1468    i.HAL_GPIO_WritePin  stm32f1xx_hal_gpio.o
    0x080017c4   0x080017c4   0x0000000c   Code   RO           15    i.HAL_GetTick       stm32f1xx_hal.o
    0x080017d0   0x080017d0   0x00000010   Code   RO           21    i.HAL_IncTick       stm32f1xx_hal.o
    0x080017e0   0x080017e0   0x00000024   Code   RO           22    i.HAL_Init          stm32f1xx_hal.o
    0x08001804   0x08001804   0x00000080   Code   RO         3113    i.HAL_InitTick      stm32f1xx_hal_timebase_tim.o
    0x08001884   0x08001884   0x0000003c   Code   RO           25    i.HAL_MspInit       stm32f1xx_hal.o
    0x080018c0   0x080018c0   0x0000001a   Code   RO         1310    i.HAL_NVIC_EnableIRQ  stm32f1xx_hal_cortex.o
    0x080018da   0x080018da   0x00000002   PAD
    0x080018dc   0x080018dc   0x00000040   Code   RO         1316    i.HAL_NVIC_SetPriority  stm32f1xx_hal_cortex.o
    0x0800191c   0x0800191c   0x00000024   Code   RO         1317    i.HAL_NVIC_SetPriorityGrouping  stm32f1xx_hal_cortex.o
    0x08001940   0x08001940   0x0000012c   Code   RO          956    i.HAL_RCC_ClockConfig  stm32f1xx_hal_rcc.o
    0x08001a6c   0x08001a6c   0x00000040   Code   RO          960    i.HAL_RCC_GetClockConfig  stm32f1xx_hal_rcc.o
    0x08001aac   0x08001aac   0x00000020   Code   RO          963    i.HAL_RCC_GetPCLK1Freq  stm32f1xx_hal_rcc.o
    0x08001acc   0x08001acc   0x00000020   Code   RO          964    i.HAL_RCC_GetPCLK2Freq  stm32f1xx_hal_rcc.o
    0x08001aec   0x08001aec   0x0000006c   Code   RO          965    i.HAL_RCC_GetSysClockFreq  stm32f1xx_hal_rcc.o
    0x08001b58   0x08001b58   0x00000320   Code   RO          968    i.HAL_RCC_OscConfig  stm32f1xx_hal_rcc.o
    0x08001e78   0x08001e78   0x00000088   Code   RO         2147    i.HAL_SPI_Init      stm32f1xx_hal_spi.o
    0x08001f00   0x08001f00   0x0000005c   Code   RO         2149    i.HAL_SPI_MspInit   stm32f1xx_hal_spi.o
    0x08001f5c   0x08001f5c   0x00000188   Code   RO         2155    i.HAL_SPI_Transmit  stm32f1xx_hal_spi.o
    0x080020e4   0x080020e4   0x00000002   Code   RO         1057    i.HAL_TIMEx_BreakCallback  stm32f1xx_hal_tim_ex.o
    0x080020e6   0x080020e6   0x00000002   Code   RO         1058    i.HAL_TIMEx_CommutCallback  stm32f1xx_hal_tim_ex.o
    0x080020e8   0x080020e8   0x00000036   Code   RO          272    i.HAL_TIM_Base_Init  stm32f1xx_hal_tim.o
    0x0800211e   0x0800211e   0x00000002   PAD
    0x08002120   0x08002120   0x00000080   Code   RO          274    i.HAL_TIM_Base_MspInit  stm32f1xx_hal_tim.o
    0x080021a0   0x080021a0   0x00000022   Code   RO          277    i.HAL_TIM_Base_Start_IT  stm32f1xx_hal_tim.o
    0x080021c2   0x080021c2   0x00000002   Code   RO          301    i.HAL_TIM_IC_CaptureCallback  stm32f1xx_hal_tim.o
    0x080021c4   0x080021c4   0x00000166   Code   RO          315    i.HAL_TIM_IRQHandler  stm32f1xx_hal_tim.o
    0x0800232a   0x0800232a   0x00000002   Code   RO          319    i.HAL_TIM_OC_DelayElapsedCallback  stm32f1xx_hal_tim.o
    0x0800232c   0x0800232c   0x00000002   Code   RO          346    i.HAL_TIM_PWM_PulseFinishedCallback  stm32f1xx_hal_tim.o
    0x0800232e   0x0800232e   0x00000004   Code   RO         3116    i.HAL_TIM_PeriodElapsedCallback  stm32f1xx_hal_timebase_tim.o
    0x08002332   0x08002332   0x00000002   Code   RO          359    i.HAL_TIM_TriggerCallback  stm32f1xx_hal_tim.o
    0x08002334   0x08002334   0x00000062   Code   RO         1647    i.HAL_UART_Init     stm32f1xx_hal_uart.o
    0x08002396   0x08002396   0x00000002   PAD
    0x08002398   0x08002398   0x0000006c   Code   RO         1649    i.HAL_UART_MspInit  stm32f1xx_hal_uart.o
    0x08002404   0x08002404   0x000000ba   Code   RO         1655    i.HAL_UART_Transmit  stm32f1xx_hal_uart.o
    0x080024be   0x080024be   0x00000002   Code   RO         3167    i.HardFault_Handler  stm32f1xx_it.o
    0x080024c0   0x080024c0   0x00000090   Code   RO         3576    i.MX_ADC1_Init      feedback_signals.o
    0x08002550   0x08002550   0x0000004c   Code   RO         3577    i.MX_DMA_Init       feedback_signals.o
    0x0800259c   0x0800259c   0x0000009c   Code   RO         3369    i.MX_GPIO_Init      inputs.o
    0x08002638   0x08002638   0x00000002   Code   RO         3168    i.MemManage_Handler  stm32f1xx_it.o
    0x0800263a   0x0800263a   0x00000002   Code   RO         3169    i.NMI_Handler       stm32f1xx_it.o
    0x0800263c   0x0800263c   0x00000134   Code   RO         3740    i.Output_Init       outputs.o
    0x08002770   0x08002770   0x00000040   Code   RO         3466    i.SPI1_Init         display.o
    0x080027b0   0x080027b0   0x00000020   Code   RO         2187    i.SPI_EndRxTxTransaction  stm32f1xx_hal_spi.o
    0x080027d0   0x080027d0   0x00000094   Code   RO         2195    i.SPI_WaitFlagStateUntilTimeout  stm32f1xx_hal_spi.o
    0x08002864   0x08002864   0x00000004   Code   RO         3170    i.SysTick_Handler   stm32f1xx_it.o
    0x08002868   0x08002868   0x0000005e   Code   RO         3345    i.SystemClock_Config  system_clock.o
    0x080028c6   0x080028c6   0x00000002   PAD
    0x080028c8   0x080028c8   0x00000048   Code   RO         4513    i.SystemInit        system_stm32f1xx.o
    0x08002910   0x08002910   0x0000000c   Code   RO         3117    i.TIM2_IRQHandler   stm32f1xx_hal_timebase_tim.o
    0x0800291c   0x0800291c   0x0000006c   Code   RO          361    i.TIM_Base_SetConfig  stm32f1xx_hal_tim.o
    0x08002988   0x08002988   0x000000b8   Code   RO         1673    i.UART_SetConfig    stm32f1xx_hal_uart.o
    0x08002a40   0x08002a40   0x00000064   Code   RO         1675    i.UART_WaitOnFlagUntilTimeout  stm32f1xx_hal_uart.o
    0x08002aa4   0x08002aa4   0x00000002   Code   RO         3171    i.UsageFault_Handler  stm32f1xx_it.o
    0x08002aa6   0x08002aa6   0x00000020   Code   RO         1323    i.__NVIC_SetPriority  stm32f1xx_hal_cortex.o
    0x08002ac6   0x08002ac6   0x0000000e   Code   RO         5044    i.__scatterload_copy  mc_w.l(handlers.o)
    0x08002ad4   0x08002ad4   0x00000002   Code   RO         5045    i.__scatterload_null  mc_w.l(handlers.o)
    0x08002ad6   0x08002ad6   0x0000000e   Code   RO         5046    i.__scatterload_zeroinit  mc_w.l(handlers.o)
    0x08002ae4   0x08002ae4   0x0000001c   Code   RO         3370    i.check_OT          inputs.o
    0x08002b00   0x08002b00   0x00000018   Code   RO         3371    i.check_arc_force   inputs.o
    0x08002b18   0x08002b18   0x000000ac   Code   RO         3652    i.check_currentON   process.o
    0x08002bc4   0x08002bc4   0x0000001c   Code   RO         3373    i.check_current_on  inputs.o
    0x08002be0   0x08002be0   0x00000080   Code   RO         3374    i.check_inputs      inputs.o
    0x08002c60   0x08002c60   0x0000001c   Code   RO         3375    i.check_request_fan  inputs.o
    0x08002c7c   0x08002c7c   0x0000001c   Code   RO         3376    i.check_trigger     inputs.o
    0x08002c98   0x08002c98   0x00000020   Code   RO         3467    i.clear_all_LEDs    display.o
    0x08002cb8   0x08002cb8   0x000000cc   Code   RO         3707    i.display_7seg      segment_led.o
    0x08002d84   0x08002d84   0x00000004   Code   RO         3523    i.flash_read        flash.o
    0x08002d88   0x08002d88   0x00000064   Code   RO         3524    i.flash_write       flash.o
    0x08002dec   0x08002dec   0x00000050   Code   RO         4953    i.free              mc_w.l(malloc.o)
    0x08002e3c   0x08002e3c   0x00000028   Code   RO         3237    i.init_uart         debug_port.o
    0x08002e64   0x08002e64   0x00000030   Code   RO         3468    i.leds_button       display.o
    0x08002e94   0x08002e94   0x00000120   Code   RO         3005    i.main              main.o
    0x08002fb4   0x08002fb4   0x0000006c   Code   RO         4954    i.malloc            mc_w.l(malloc.o)
    0x08003020   0x08003020   0x00000014   Code   RO         4590    i.osSystickHandler  cmsis_os.o
    0x08003034   0x08003034   0x00000090   Code   RO         3708    i.out_segment_leds  segment_led.o
    0x080030c4   0x080030c4   0x00000264   Code   RO         3653    i.process_2T        process.o
    0x08003328   0x08003328   0x000002dc   Code   RO         3654    i.process_4T        process.o
    0x08003604   0x08003604   0x00000148   Code   RO         3282    i.process_display   manage_tasks.o
    0x0800374c   0x0800374c   0x00000328   Code   RO         3283    i.process_feedback_signals  manage_tasks.o
    0x08003a74   0x08003a74   0x0000011c   Code   RO         3284    i.process_inputs    manage_tasks.o
    0x08003b90   0x08003b90   0x00000168   Code   RO         3285    i.process_timer_1ms  manage_tasks.o
    0x08003cf8   0x08003cf8   0x000000f0   Code   RO         3286    i.process_welding   manage_tasks.o
    0x08003de8   0x08003de8   0x00000070   Code   RO         4045    i.prvAddCurrentTaskToDelayedList  tasks.o
    0x08003e58   0x08003e58   0x000000d0   Code   RO         4046    i.prvAddNewTaskToReadyList  tasks.o
    0x08003f28   0x08003f28   0x00000014   Code   RO         4047    i.prvDeleteTCB      tasks.o
    0x08003f3c   0x08003f3c   0x0000004c   Code   RO         4448    i.prvHeapInit       heap_4.o
    0x08003f88   0x08003f88   0x00000060   Code   RO         4048    i.prvIdleTask       tasks.o
    0x08003fe8   0x08003fe8   0x0000009c   Code   RO         4049    i.prvInitialiseNewTask  tasks.o
    0x08004084   0x08004084   0x0000004c   Code   RO         4449    i.prvInsertBlockIntoFreeList  heap_4.o
    0x080040d0   0x080040d0   0x00000020   Code   RO         4051    i.prvResetNextTaskUnblockTime  tasks.o
    0x080040f0   0x080040f0   0x00000028   Code   RO         4372    i.prvTaskExitError  port.o
    0x08004118   0x08004118   0x000000d8   Code   RO         4450    i.pvPortMalloc      heap_4.o
    0x080041f0   0x080041f0   0x00000024   Code   RO         4373    i.pxPortInitialiseStack  port.o
    0x08004214   0x08004214   0x00000024   Code   RO         3655    i.restore_state     process.o
    0x08004238   0x08004238   0x0000001c   Code   RO         3239    i.send_message      debug_port.o
    0x08004254   0x08004254   0x00000070   Code   RO         3240    i.send_numbers      debug_port.o
    0x080042c4   0x080042c4   0x00000028   Code   RO         3741    i.sound_beep        outputs.o
    0x080042ec   0x080042ec   0x0000000c   Code   RO         3619    i.start_DAC         dac.o
    0x080042f8   0x080042f8   0x0000005c   Code   RO         3438    i.switch_led        single_led.o
    0x08004354   0x08004354   0x00000024   Code   RO         3469    i.transmiter_buffer  display.o
    0x08004378   0x08004378   0x0000001c   Code   RO         3470    i.transmiter_byte   display.o
    0x08004394   0x08004394   0x00000010   Code   RO         3287    i.turn_off_weld     manage_tasks.o
    0x080043a4   0x080043a4   0x0000002c   Code   RO         3527    i.update_flash      flash.o
    0x080043d0   0x080043d0   0x00000026   Code   RO         3795    i.uxListRemove      list.o
    0x080043f6   0x080043f6   0x00000016   Code   RO         3796    i.vListInitialise   list.o
    0x0800440c   0x0800440c   0x00000006   Code   RO         3797    i.vListInitialiseItem  list.o
    0x08004412   0x08004412   0x00000030   Code   RO         3798    i.vListInsert       list.o
    0x08004442   0x08004442   0x00000018   Code   RO         3799    i.vListInsertEnd    list.o
    0x0800445a   0x0800445a   0x00000002   PAD
    0x0800445c   0x0800445c   0x00000040   Code   RO         4375    i.vPortEnterCritical  port.o
    0x0800449c   0x0800449c   0x00000028   Code   RO         4376    i.vPortExitCritical  port.o
    0x080044c4   0x080044c4   0x0000005c   Code   RO         4451    i.vPortFree         heap_4.o
    0x08004520   0x08004520   0x00000024   Code   RO         4377    i.vPortSetupTimerInterrupt  port.o
    0x08004544   0x08004544   0x0000004c   Code   RO         4061    i.vTaskDelay        tasks.o
    0x08004590   0x08004590   0x00000068   Code   RO         4077    i.vTaskStartScheduler  tasks.o
    0x080045f8   0x080045f8   0x00000010   Code   RO         4079    i.vTaskSuspendAll   tasks.o
    0x08004608   0x08004608   0x0000005c   Code   RO         4080    i.vTaskSwitchContext  tasks.o
    0x08004664   0x08004664   0x00000164   Code   RO         3656    i.wait_current_on   process.o
    0x080047c8   0x080047c8   0x00000014   Code   RO         3288    i.wait_time_out     manage_tasks.o
    0x080047dc   0x080047dc   0x000000a8   Code   RO         4379    i.xPortStartScheduler  port.o
    0x08004884   0x08004884   0x0000002c   Code   RO         4380    i.xPortSysTickHandler  port.o
    0x080048b0   0x080048b0   0x00000056   Code   RO         4082    i.xTaskCreate       tasks.o
    0x08004906   0x08004906   0x00000002   PAD
    0x08004908   0x08004908   0x0000001c   Code   RO         4086    i.xTaskGetSchedulerState  tasks.o
    0x08004924   0x08004924   0x000000c8   Code   RO         4089    i.xTaskIncrementTick  tasks.o
    0x080049ec   0x080049ec   0x000000c4   Code   RO         4095    i.xTaskResumeAll    tasks.o
    0x08004ab0   0x08004ab0   0x00000010   Data   RO         4514    .constdata          system_stm32f1xx.o
    0x08004ac0   0x08004ac0   0x00000008   Data   RO         4515    .constdata          system_stm32f1xx.o
    0x08004ac8   0x08004ac8   0x00000020   Data   RO         5042    Region$$Table       anon$$obj.o


    Execution Region RW_IRAM1 (Exec base: 0x20000000, Load base: 0x08004ae8, Size: 0x000025a0, Max: 0x0000c000, ABSOLUTE)

    Exec Addr    Load Addr    Size         Type   Attr      Idx    E Section Name        Object

    0x20000000   0x08004ae8   0x0000000c   Data   RW           29    .data               stm32f1xx_hal.o
    0x2000000c   0x08004af4   0x00000002   Data   RW         3006    .data               main.o
    0x2000000e   0x08004af6   0x00000002   PAD
    0x20000010   0x08004af8   0x00000038   Data   RW         3289    .data               manage_tasks.o
    0x20000048   0x08004b30   0x00000003   Data   RW         3377    .data               inputs.o
    0x2000004b   0x08004b33   0x00000001   Data   RW         3439    .data               single_led.o
    0x2000004c   0x08004b34   0x00000004   Data   RW         3472    .data               display.o
    0x20000050   0x08004b38   0x00000002   Data   RW         3582    .data               feedback_signals.o
    0x20000052   0x08004b3a   0x00000002   PAD
    0x20000054   0x08004b3c   0x00000018   Data   RW         3657    .data               process.o
    0x2000006c   0x08004b54   0x0000001d   Data   RW         3709    .data               segment_led.o
    0x20000089   0x08004b71   0x00000003   PAD
    0x2000008c   0x08004b74   0x0000003c   Data   RW         4098    .data               tasks.o
    0x200000c8   0x08004bb0   0x0000000c   Data   RW         4381    .data               port.o
    0x200000d4   0x08004bbc   0x00000018   Data   RW         4456    .data               heap_4.o
    0x200000ec   0x08004bd4   0x00000004   Data   RW         4516    .data               system_stm32f1xx.o
    0x200000f0   0x08004bd8   0x00000004   Data   RW         5033    .data               mc_w.l(mvars.o)
    0x200000f4   0x08004bdc   0x00000004   Data   RW         5034    .data               mc_w.l(mvars.o)
    0x200000f8        -       0x00000020   Zero   RW         1962    .bss                stm32f1xx_hal_flash.o
    0x20000118        -       0x00000040   Zero   RW         3118    .bss                stm32f1xx_hal_timebase_tim.o
    0x20000158        -       0x00000040   Zero   RW         3241    .bss                debug_port.o
    0x20000198        -       0x00000058   Zero   RW         3471    .bss                display.o
    0x200001f0        -       0x00000020   Zero   RW         3528    .bss                flash.o
    0x20000210        -       0x00000030   Zero   RW         3578    .bss                feedback_signals.o
    0x20000240        -       0x00000044   Zero   RW         3579    .bss                feedback_signals.o
    0x20000284        -       0x0000000c   Zero   RW         3580    .bss                feedback_signals.o
    0x20000290        -       0x0000000c   Zero   RW         3581    .bss                feedback_signals.o
    0x2000029c        -       0x00000014   Zero   RW         3620    .bss                dac.o
    0x200002b0        -       0x000000f0   Zero   RW         4097    .bss                tasks.o
    0x200003a0        -       0x00001c00   Zero   RW         4455    .bss                heap_4.o
    0x20001fa0        -       0x00000200   Zero   RW         2996    HEAP                startup_stm32f103xb.o
    0x200021a0        -       0x00000400   Zero   RW         2995    STACK               startup_stm32f103xb.o


==============================================================================

Image component sizes


      Code (inc. data)   RO Data    RW Data    ZI Data      Debug   Object Name

        20          0          0          0          0        667   cmsis_os.o
        72         14          0          0         20       1246   dac.o
       180         30          0          0         64       2279   debug_port.o
       424         38          0          4         88       4309   display.o
       222         14          0          2        140       2597   feedback_signals.o
       148          4          0          0         32       2862   flash.o
       460         24          0         24       7168       7947   heap_4.o
       420         58          0          3          0       4862   inputs.o
       138          0          0          0          0       3958   list.o
       288        132          0          2          0      11286   main.o
      2056        310          0         56          0       7649   manage_tasks.o
       348         24          0          0          0       1631   outputs.o
       578         60          0         12          0      11400   port.o
      1918        416          0         24          0       6114   process.o
         0          0          0          0          0       8396   queue.o
       348         18          0         29          0       2370   segment_led.o
        92          8          0          1          0       1003   single_led.o
        36          8        236          0       1536        832   startup_stm32f103xb.o
       160         26          0         12          0     465660   stm32f1xx_hal.o
      1296         80          0          0          0      11428   stm32f1xx_hal_adc.o
       158         14          0          0          0      28738   stm32f1xx_hal_cortex.o
       324         12          0          0          0       4696   stm32f1xx_hal_dac.o
       586         32          0          0          0       4071   stm32f1xx_hal_dma.o
       392         46          0          0         32       5462   stm32f1xx_hal_flash.o
       240         26          0          0          0       3637   stm32f1xx_hal_flash_ex.o
       500         34          0          0          0       3899   stm32f1xx_hal_gpio.o
      1336        110          0          0          0       6473   stm32f1xx_hal_rcc.o
       800         12          0          0          0       5658   stm32f1xx_hal_spi.o
       690         26          0          0          0       8298   stm32f1xx_hal_tim.o
         4          0          0          0          0       1837   stm32f1xx_hal_tim_ex.o
       144         20          0          0         64       2693   stm32f1xx_hal_timebase_tim.o
       676         16          0          0          0       5324   stm32f1xx_hal_uart.o
        28          6          0          0          0       3882   stm32f1xx_it.o
        94          0          0          0          0        653   system_clock.o
        72         16         24          4          0       1351   system_stm32f1xx.o
      1422        114          0         60        240      16859   tasks.o
         0          0          0          0          0       1472   timers.o

    ----------------------------------------------------------------------
     16694       1748        292        240       9384     663499   Object Totals
         0          0         32          0          0          0   (incl. Generated)
        24          0          0          7          0          0   (incl. Padding)

    ----------------------------------------------------------------------

      Code (inc. data)   RO Data    RW Data    ZI Data      Debug   Library Member Name

         0          0          0          0          0          0   entry.o
         0          0          0          0          0          0   entry10a.o
         0          0          0          0          0          0   entry11a.o
         4          0          0          0          0          0   entry12b.o
         8          4          0          0          0          0   entry2.o
         4          0          0          0          0          0   entry5.o
         0          0          0          0          0          0   entry7b.o
         0          0          0          0          0          0   entry8b.o
         8          4          0          0          0          0   entry9a.o
        30          0          0          0          0          0   handlers.o
        36          8          0          0          0         68   init.o
         0          0          0          0          0          0   iusefp.o
        30          0          0          0          0         68   llshl.o
        36          0          0          0          0         68   llsshr.o
        32          0          0          0          0         68   llushr.o
       188         20          0          0          0        160   malloc.o
        36          0          0          0          0        108   memseta.o
         0          0          0          8          0          0   mvars.o
        14          0          0          0          0         68   strlen.o
        20          0          0          0          0         68   cfcmple.o
        20          0          0          0          0         68   cfrcmple.o
       334          0          0          0          0        148   dadd.o
       222          0          0          0          0        100   ddiv.o
       186          0          0          0          0        176   depilogue.o
        50          0          0          0          0         76   dfixui.o
        34          0          0          0          0         76   dflti.o
        26          0          0          0          0         76   dfltui.o
       228          0          0          0          0         96   dmul.o
        38          0          0          0          0         68   f2d.o
       176          0          0          0          0        140   fadd.o
       124          0          0          0          0         88   fdiv.o
       110          0          0          0          0        168   fepilogue.o
        40          0          0          0          0         68   ffixui.o
        18          0          0          0          0         68   fflti.o
        10          0          0          0          0         68   ffltui.o
       100          0          0          0          0         76   fmul.o
        24          0          0          0          0         68   fscalb.o

    ----------------------------------------------------------------------
      2190         36          0          8          0       2304   Library Totals
         4          0          0          0          0          0   (incl. Padding)

    ----------------------------------------------------------------------

      Code (inc. data)   RO Data    RW Data    ZI Data      Debug   Library Name

       426         36          0          8          0        608   mc_w.l
      1760          0          0          0          0       1696   mf_w.l

    ----------------------------------------------------------------------
      2190         36          0          8          0       2304   Library Totals

    ----------------------------------------------------------------------

==============================================================================


      Code (inc. data)   RO Data    RW Data    ZI Data      Debug   

     18884       1784        292        248       9384     656751   Grand Totals
     18884       1784        292        248       9384     656751   ELF Image Totals
     18884       1784        292        248          0          0   ROM Totals

==============================================================================

    Total RO  Size (Code + RO Data)                19176 (  18.73kB)
    Total RW  Size (RW Data + ZI Data)              9632 (   9.41kB)
    Total ROM Size (Code + RO Data + RW Data)      19424 (  18.97kB)

==============================================================================

